Component: ARM Compiler 5.06 update 1 (build 61) Tool: armlink [4d35a8]

==============================================================================

Section Cross References

    main.o(i.SystemClock_Config) refers to stm32f4xx_hal_rcc.o(i.HAL_RCC_OscConfig) for HAL_RCC_OscConfig
    main.o(i.SystemClock_Config) refers to main.o(i.Error_Handler) for Error_Handler
    main.o(i.SystemClock_Config) refers to stm32f4xx_hal_rcc.o(i.HAL_RCC_ClockConfig) for HAL_RCC_ClockConfig
    main.o(i.SystemClock_Config) refers to stm32f4xx_hal.o(i.HAL_GetREVID) for HAL_GetREVID
    main.o(i.Thread_T) refers to scanf1.o(x$fpl$scanf1) for _scanf_real
    main.o(i.Thread_T) refers to rt_cmsis.o(i.osSignalWait) for osSignalWait
    main.o(i.Thread_T) refers to __0sscanf.o(.text) for __0sscanf
    main.o(i.Thread_T) refers to led_f4discovery.o(i.LED_On) for LED_On
    main.o(i.Thread_T) refers to rt_cmsis.o(i.osDelay) for osDelay
    main.o(i.Thread_T) refers to usart_stm32f4xx.o(.constdata) for Driver_USART3
    main.o(i.event_UART) refers to rt_cmsis.o(i.osSignalSet) for osSignalSet
    main.o(i.event_UART) refers to main.o(.data) for tid_Thread_T
    main.o(i.main) refers to stm32f4xx_hal.o(i.HAL_Init) for HAL_Init
    main.o(i.main) refers to main.o(i.SystemClock_Config) for SystemClock_Config
    main.o(i.main) refers to system_stm32f4xx.o(i.SystemCoreClockUpdate) for SystemCoreClockUpdate
    main.o(i.main) refers to rt_cmsis.o(i.osKernelInitialize) for osKernelInitialize
    main.o(i.main) refers to led_f4discovery.o(i.LED_Initialize) for LED_Initialize
    main.o(i.main) refers to rt_cmsis.o(i.osThreadCreate) for osThreadCreate
    main.o(i.main) refers to rt_cmsis.o(i.osKernelStart) for osKernelStart
    main.o(i.main) refers to rt_cmsis.o(i.osDelay) for osDelay
    main.o(i.main) refers to usart_stm32f4xx.o(.constdata) for Driver_USART3
    main.o(i.main) refers to main.o(i.event_UART) for event_UART
    main.o(i.main) refers to main.o(.constdata) for os_thread_def_Thread_T
    main.o(i.main) refers to main.o(.data) for tid_Thread_T
    main.o(.constdata) refers to main.o(i.Thread_T) for Thread_T
    buttons_f4discovery.o(i.Buttons_GetState) refers to stm32f4xx_hal_gpio.o(i.HAL_GPIO_ReadPin) for HAL_GPIO_ReadPin
    buttons_f4discovery.o(i.Buttons_Initialize) refers to stm32f4xx_hal_gpio.o(i.HAL_GPIO_Init) for HAL_GPIO_Init
    buttons_f4discovery.o(i.Buttons_Uninitialize) refers to stm32f4xx_hal_gpio.o(i.HAL_GPIO_DeInit) for HAL_GPIO_DeInit
    led_f4discovery.o(i.LED_Initialize) refers to stm32f4xx_hal_gpio.o(i.HAL_GPIO_Init) for HAL_GPIO_Init
    led_f4discovery.o(i.LED_Off) refers to stm32f4xx_hal_gpio.o(i.HAL_GPIO_WritePin) for HAL_GPIO_WritePin
    led_f4discovery.o(i.LED_Off) refers to led_f4discovery.o(.constdata) for LED_PIN
    led_f4discovery.o(i.LED_On) refers to stm32f4xx_hal_gpio.o(i.HAL_GPIO_WritePin) for HAL_GPIO_WritePin
    led_f4discovery.o(i.LED_On) refers to led_f4discovery.o(.constdata) for LED_PIN
    led_f4discovery.o(i.LED_SetOut) refers to led_f4discovery.o(i.LED_On) for LED_On
    led_f4discovery.o(i.LED_SetOut) refers to led_f4discovery.o(i.LED_Off) for LED_Off
    led_f4discovery.o(i.LED_Uninitialize) refers to stm32f4xx_hal_gpio.o(i.HAL_GPIO_DeInit) for HAL_GPIO_DeInit
    rtx_conf_cm.o(.emb_text) refers to rt_cmsis.o(i.osKernelInitialize) for osKernelInitialize
    rtx_conf_cm.o(.emb_text) refers to rt_cmsis.o(i.osThreadCreate) for osThreadCreate
    rtx_conf_cm.o(.emb_text) refers to rt_cmsis.o(i.osKernelStart) for osKernelStart
    rtx_conf_cm.o(.emb_text) refers to exit.o(.text) for exit
    rtx_conf_cm.o(.emb_text) refers to rtx_conf_cm.o(.constdata) for os_thread_def_main
    rtx_conf_cm.o(i.__user_perthread_libspace) refers to rt_task.o(i.rt_tsk_self) for rt_tsk_self
    rtx_conf_cm.o(i.__user_perthread_libspace) refers to rt_cmsis.o(.data) for os_running
    rtx_conf_cm.o(i.__user_perthread_libspace) refers to rtx_conf_cm.o(.bss) for .bss
    rtx_conf_cm.o(i.__user_perthread_libspace) refers to libspace.o(.bss) for __libspace_start
    rtx_conf_cm.o(i._mutex_acquire) refers to rt_cmsis.o(.data) for os_running
    rtx_conf_cm.o(i._mutex_acquire) refers to rt_mutex.o(i.rt_mut_wait) for rt_mut_wait
    rtx_conf_cm.o(i._mutex_initialize) refers to rt_mutex.o(i.rt_mut_init) for rt_mut_init
    rtx_conf_cm.o(i._mutex_initialize) refers to rtx_conf_cm.o(.data) for .data
    rtx_conf_cm.o(i._mutex_initialize) refers to rtx_conf_cm.o(.bss) for .bss
    rtx_conf_cm.o(i._mutex_release) refers to rt_cmsis.o(.data) for os_running
    rtx_conf_cm.o(i._mutex_release) refers to rt_mutex.o(i.rt_mut_release) for rt_mut_release
    rtx_conf_cm.o(.constdata) refers to rt_cmsis.o(i.osTimerThread) for osTimerThread
    rtx_conf_cm.o(.constdata) refers to rtx_conf_cm.o(.bss) for os_messageQ_q_osTimerMessageQ
    rtx_conf_cm.o(.constdata) refers to main.o(i.main) for main
    usart_stm32f4xx.o(i.USART3_Control) refers to usart_stm32f4xx.o(i.USART_Control) for USART_Control
[...]
    i.rt_tsk_self                            0x080057b0   Section        0  rt_task.o(i.rt_tsk_self)
    i.svcDelay                               0x080057c0   Section        0  rt_cmsis.o(i.svcDelay)
    i.svcKernelInitialize                    0x080057d4   Section        0  rt_cmsis.o(i.svcKernelInitialize)
    i.svcKernelStart                         0x08005844   Section        0  rt_cmsis.o(i.svcKernelStart)
    i.svcMessageCreate                       0x0800588c   Section        0  rt_cmsis.o(i.svcMessageCreate)
    i.svcMessageGet                          0x080058b0   Section        0  rt_cmsis.o(i.svcMessageGet)
    i.svcSignalSet                           0x080058ea   Section        0  rt_cmsis.o(i.svcSignalSet)
    i.svcSignalWait                          0x08005910   Section        0  rt_cmsis.o(i.svcSignalWait)
    i.svcThreadCreate                        0x08005964   Section        0  rt_cmsis.o(i.svcThreadCreate)
    i.svcThreadGetId                         0x080059d0   Section        0  rt_cmsis.o(i.svcThreadGetId)
    i.svcThreadTerminate                     0x080059ec   Section        0  rt_cmsis.o(i.svcThreadTerminate)
    i.svcTimerCall                           0x08005a24   Section        0  rt_cmsis.o(i.svcTimerCall)
    i.sysTimerTick                           0x08005a3c   Section        0  rt_cmsis.o(i.sysTimerTick)
    locale$$code                             0x08005a98   Section       44  lc_numeric_c.o(locale$$code)
    locale$$code                             0x08005ac4   Section       44  lc_ctype_c.o(locale$$code)
    x$fpl$d2f                                0x08005af0   Section       98  d2f.o(x$fpl$d2f)
    $v0                                      0x08005af0   Number         0  d2f.o(x$fpl$d2f)
    x$fpl$dcheck1                            0x08005b54   Section       16  dcheck1.o(x$fpl$dcheck1)
    $v0                                      0x08005b54   Number         0  dcheck1.o(x$fpl$dcheck1)
    x$fpl$dcmpinf                            0x08005b64   Section       24  dcmpi.o(x$fpl$dcmpinf)
    $v0                                      0x08005b64   Number         0  dcmpi.o(x$fpl$dcmpinf)
    x$fpl$deqf                               0x08005b7c   Section      120  deqf.o(x$fpl$deqf)
    $v0                                      0x08005b7c   Number         0  deqf.o(x$fpl$deqf)
    x$fpl$dleqf                              0x08005bf4   Section      120  dleqf.o(x$fpl$dleqf)
    $v0                                      0x08005bf4   Number         0  dleqf.o(x$fpl$dleqf)
    x$fpl$dmul                               0x08005c6c   Section      340  dmul.o(x$fpl$dmul)
    $v0                                      0x08005c6c   Number         0  dmul.o(x$fpl$dmul)
    x$fpl$dnaninf                            0x08005dc0   Section      156  dnaninf.o(x$fpl$dnaninf)
    $v0                                      0x08005dc0   Number         0  dnaninf.o(x$fpl$dnaninf)
    x$fpl$dretinf                            0x08005e5c   Section       12  dretinf.o(x$fpl$dretinf)
    $v0                                      0x08005e5c   Number         0  dretinf.o(x$fpl$dretinf)
    x$fpl$drleqf                             0x08005e68   Section      108  drleqf.o(x$fpl$drleqf)
    $v0                                      0x08005e68   Number         0  drleqf.o(x$fpl$drleqf)
    x$fpl$fpinit                             0x08005ed4   Section       10  fpinit.o(x$fpl$fpinit)
    $v0                                      0x08005ed4   Number         0  fpinit.o(x$fpl$fpinit)
    x$fpl$fretinf                            0x08005ede   Section       10  fretinf.o(x$fpl$fretinf)
    $v0                                      0x08005ede   Number         0  fretinf.o(x$fpl$fretinf)
    x$fpl$retnan                             0x08005ee8   Section      100  retnan.o(x$fpl$retnan)
    $v0                                      0x08005ee8   Number         0  retnan.o(x$fpl$retnan)
    x$fpl$scalbn                             0x08005f4c   Section       92  scalbn.o(x$fpl$scalbn)
    $v0                                      0x08005f4c   Number         0  scalbn.o(x$fpl$scalbn)
    x$fpl$scanf1                             0x08005fa8   Section        4  scanf1.o(x$fpl$scanf1)
    $v0                                      0x08005fa8   Number         0  scanf1.o(x$fpl$scanf1)
    x$fpl$scanf2                             0x08005fac   Section        8  scanf2.o(x$fpl$scanf2)
    $v0                                      0x08005fac   Number         0  scanf2.o(x$fpl$scanf2)
    x$fpl$trapveneer                         0x08005fb4   Section       48  trapv.o(x$fpl$trapveneer)
    $v0                                      0x08005fb4   Number         0  trapv.o(x$fpl$trapveneer)
    .constdata                               0x08005fe4   Section       16  main.o(.constdata)
    x$fpl$usenofp                            0x08005fe4   Section        0  usenofp.o(x$fpl$usenofp)
    .constdata                               0x08005ff4   Section       32  led_f4discovery.o(.constdata)
    LED_PIN                                  0x08005ff4   Data          32  led_f4discovery.o(.constdata)
    .constdata                               0x08006014   Section      104  rtx_conf_cm.o(.constdata)
    __tagsym$$used                           0x08006030   Number         0  rtx_conf_cm.o(.constdata)
    __tagsym$$used                           0x08006034   Number         0  rtx_conf_cm.o(.constdata)
    __tagsym$$used                           0x08006038   Number         0  rtx_conf_cm.o(.constdata)
    __tagsym$$used                           0x0800603c   Number         0  rtx_conf_cm.o(.constdata)
    .constdata                               0x0800607c   Section      136  usart_stm32f4xx.o(.constdata)
    usart_driver_version                     0x0800607c   Data           4  usart_stm32f4xx.o(.constdata)
    USART3_tx                                0x08006080   Data          12  usart_stm32f4xx.o(.constdata)
    USART3_rx                                0x0800608c   Data          12  usart_stm32f4xx.o(.constdata)
    USART3_Resources                         0x08006098   Data          52  usart_stm32f4xx.o(.constdata)
    .constdata                               0x08006104   Section       24  system_stm32f4xx.o(.constdata)
    .constdata                               0x0800611c   Section      148  bigflt0.o(.constdata)
    tenpwrs_x                                0x0800611c   Data          60  bigflt0.o(.constdata)
    tenpwrs_i                                0x08006158   Data          64  bigflt0.o(.constdata)
    c$$dinf                                  0x080061d0   Section        8  fpconst.o(c$$dinf)
    locale$$data                             0x080061d8   Section       28  lc_numeric_c.o(locale$$data)
    __lcnum_c_name                           0x080061dc   Data           2  lc_numeric_c.o(locale$$data)
    __lcnum_c_start                          0x080061e4   Data           0  lc_numeric_c.o(locale$$data)
    __lcnum_c_point                          0x080061f0   Data           0  lc_numeric_c.o(locale$$data)
    __lcnum_c_thousands                      0x080061f2   Data           0  lc_numeric_c.o(locale$$data)
    __lcnum_c_grouping                       0x080061f3   Data           0  lc_numeric_c.o(locale$$data)
    locale$$data                             0x080061f4   Section      272  lc_ctype_c.o(locale$$data)
    __lcnum_c_end                            0x080061f4   Data           0  lc_numeric_c.o(locale$$data)
    __lcctype_c_name                         0x080061f8   Data           2  lc_ctype_c.o(locale$$data)
    __lcctype_c_start                        0x08006200   Data           0  lc_ctype_c.o(locale$$data)
    __lcctype_c_end                          0x08006304   Data           0  lc_ctype_c.o(locale$$data)
    .data                                    0x20000000   Section        4  main.o(.data)
    .data                                    0x20000004   Section       20  rtx_conf_cm.o(.data)
    nr_mutex                                 0x20000014   Data           4  rtx_conf_cm.o(.data)
    .data                                    0x20000018   Section        9  stm32f4xx_hal.o(.data)
    .data                                    0x20000024   Section        4  system_stm32f4xx.o(.data)
    .data                                    0x20000028   Section        8  rt_cmsis.o(.data)
    .data                                    0x20000030   Section        8  rt_task.o(.data)
    .data                                    0x20000038   Section        8  rt_system.o(.data)
    os_lock                                  0x20000038   Data           1  rt_system.o(.data)
    os_psh_flag                              0x20000039   Data           1  rt_system.o(.data)
    pend_flags                               0x2000003a   Data           1  rt_system.o(.data)
    .data                                    0x20000040   Section        4  rt_time.o(.data)
    .data                                    0x20000044   Section        8  rt_robin.o(.data)
    .data                                    0x2000004c   Section        1  hal_cm.o(.data)
    .bss                                     0x20000050   Section    15616  rtx_conf_cm.o(.bss)
    std_libspace                             0x20003a30   Data         672  rtx_conf_cm.o(.bss)
    std_libmutex                             0x20003cd0   Data         128  rtx_conf_cm.o(.bss)
    .bss                                     0x20003d50   Section       56  usart_stm32f4xx.o(.bss)
    USART3_Info                              0x20003d50   Data          20  usart_stm32f4xx.o(.bss)
    USART3_TransferInfo                      0x20003d64   Data          36  usart_stm32f4xx.o(.bss)
    .bss                                     0x20003d88   Section       52  rt_task.o(.bss)
    .bss                                     0x20003dbc   Section       48  rt_list.o(.bss)
    .bss                                     0x20003dec   Section       96  libspace.o(.bss)
    HEAP                                     0x20003e50   Section      512  startup_stm32f407xx.o(HEAP)
    Heap_Mem                                 0x20003e50   Data         512  startup_stm32f407xx.o(HEAP)
    STACK                                    0x20004050   Section     1024  startup_stm32f407xx.o(STACK)
    Stack_Mem                                0x20004050   Data        1024  startup_stm32f407xx.o(STACK)
    __initial_sp                             0x20004450   Data           0  startup_stm32f407xx.o(STACK)

    Global Symbols

    Symbol Name                              Value     Ov Type        Size  Object(Section)

    BuildAttributes$$THM_ISAv4$E$P$D$K$B$S$7EM$VFPi3$EXTD16$VFPS$VFMA$PE$A:L22UL41UL21$X:L11$S22US41US21$IEEE1$IW$USESV6$~STKCKD$USESV7$~SHL$OTIME$ROPI$IEEEX$EBA8$UX$STANDARDLIB$REQ8$PRES8$EABIv2 0x00000000   Number         0  anon$$obj.o ABSOLUTE
    __ARM_use_no_argv                        0x00000000   Number         0  main.o ABSOLUTE
    __ARM_exceptions_init                     - Undefined Weak Reference
    __alloca_initialize                       - Undefined Weak Reference
    __arm_preinit_                            - Undefined Weak Reference
    __cpp_initialize__aeabi_                  - Undefined Weak Reference
    __cxa_finalize                            - Undefined Weak Reference
    __sigvec_lookup                           - Undefined Weak Reference
    _atexit_init                              - Undefined Weak Reference
    _call_atexit_fns                          - Undefined Weak Reference
    _clock_init                               - Undefined Weak Reference
    _fp_trap_init                             - Undefined Weak Reference
    _fp_trap_shutdown                         - Undefined Weak Reference
    _get_lc_collate                           - Undefined Weak Reference
    _get_lc_monetary                          - Undefined Weak Reference
    _get_lc_time                              - Undefined Weak Reference
    _getenv_init                              - Undefined Weak Reference
    _handle_redirection                       - Undefined Weak Reference
    _init_alloc                               - Undefined Weak Reference
    _init_user_alloc                          - Undefined Weak Reference
    _initio                                   - Undefined Weak Reference
    _rand_init                                - Undefined Weak Reference
    _scanf_int                                - Undefined Weak Reference
    _scanf_longlong                           - Undefined Weak Reference
    _scanf_mbtowc                             - Undefined Weak Reference
    _scanf_string                             - Undefined Weak Reference
    _scanf_wctomb                             - Undefined Weak Reference
    _scanf_wstring                            - Undefined Weak Reference
    _signal_finish                            - Undefined Weak Reference
    _signal_init                              - Undefined Weak Reference
    _terminate_alloc                          - Undefined Weak Reference
    _terminate_user_alloc                     - Undefined Weak Reference
    _terminateio                              - Undefined Weak Reference
    __Vectors_Size                           0x00000188   Number         0  startup_stm32f407xx.o ABSOLUTE
    __RL_RTX_VER                             0x00000482   Number         0  rt_system.o ABSOLUTE
    __Vectors                                0x08000000   Data           4  startup_stm32f407xx.o(RESET)
    __Vectors_End                            0x08000188   Data           0  startup_stm32f407xx.o(RESET)
    __main                                   0x08000189   Thumb Code     8  __main.o(!!!main)
    __scatterload                            0x08000191   Thumb Code     0  __scatter.o(!!!scatter)
    __scatterload_rt2                        0x08000191   Thumb Code    44  __scatter.o(!!!scatter)
    __scatterload_rt2_thumb_only             0x08000191   Thumb Code     0  __scatter.o(!!!scatter)
    __scatterload_null                       0x0800019f   Thumb Code     0  __scatter.o(!!!scatter)
    __scatterload_copy                       0x080001c5   Thumb Code    26  __scatter_copy.o(!!handler_copy)
    __scatterload_zeroinit                   0x080001e1   Thumb Code    28  __scatter_zi.o(!!handler_zi)
    __rt_lib_init                            0x080001fd   Thumb Code     0  libinit.o(.ARM.Collect$$libinit$$00000000)
    __rt_lib_init_fp_1                       0x080001ff   Thumb Code     0  libinit2.o(.ARM.Collect$$libinit$$00000001)
    __rt_lib_init_heap_1                     0x08000203   Thumb Code     0  libinit2.o(.ARM.Collect$$libinit$$0000000A)
    __rt_lib_init_lc_common                  0x08000203   Thumb Code     0  libinit2.o(.ARM.Collect$$libinit$$0000000F)
    __rt_lib_init_preinit_1                  0x08000203   Thumb Code     0  libinit2.o(.ARM.Collect$$libinit$$00000004)
    __rt_lib_init_rand_1                     0x08000203   Thumb Code     0  libinit2.o(.ARM.Collect$$libinit$$0000000E)
    __rt_lib_init_user_alloc_1               0x08000203   Thumb Code     0  libinit2.o(.ARM.Collect$$libinit$$0000000C)
    __rt_lib_init_lc_collate_1               0x08000209   Thumb Code     0  libinit2.o(.ARM.Collect$$libinit$$00000011)
    __rt_lib_init_lc_ctype_2                 0x08000209   Thumb Code     0  libinit2.o(.ARM.Collect$$libinit$$00000012)
    __rt_lib_init_lc_ctype_1                 0x08000215   Thumb Code     0  libinit2.o(.ARM.Collect$$libinit$$00000013)
    __rt_lib_init_lc_monetary_1              0x08000215   Thumb Code     0  libinit2.o(.ARM.Collect$$libinit$$00000015)
    __rt_lib_init_lc_numeric_2               0x08000215   Thumb Code     0  libinit2.o(.ARM.Collect$$libinit$$00000016)
    __rt_lib_init_alloca_1                   0x0800021f   Thumb Code     0  libinit2.o(.ARM.Collect$$libinit$$0000002E)
    __rt_lib_init_argv_1                     0x0800021f   Thumb Code     0  libinit2.o(.ARM.Collect$$libinit$$0000002C)
    __rt_lib_init_atexit_1                   0x0800021f   Thumb Code     0  libinit2.o(.ARM.Collect$$libinit$$0000001B)
    __rt_lib_init_clock_1                    0x0800021f   Thumb Code     0  libinit2.o(.ARM.Collect$$libinit$$00000021)
    __rt_lib_init_cpp_1                      0x0800021f   Thumb Code     0  libinit2.o(.ARM.Collect$$libinit$$00000032)
    __rt_lib_init_exceptions_1               0x0800021f   Thumb Code     0  libinit2.o(.ARM.Collect$$libinit$$00000030)
    __rt_lib_init_fp_trap_1                  0x0800021f   Thumb Code     0  libinit2.o(.ARM.Collect$$libinit$$0000001F)
    __rt_lib_init_getenv_1                   0x0800021f   Thumb Code     0  libinit2.o(.ARM.Collect$$libinit$$00000023)
    __rt_lib_init_lc_numeric_1               0x0800021f   Thumb Code     0  libinit2.o(.ARM.Collect$$libinit$$00000017)
    __rt_lib_init_lc_time_1                  0x0800021f   Thumb Code     0  libinit2.o(.ARM.Collect$$libinit$$00000019)
    __rt_lib_init_return                     0x0800021f   Thumb Code     0  libinit2.o(.ARM.Collect$$libinit$$00000033)
    __rt_lib_init_signal_1                   0x0800021f   Thumb Code     0  libinit2.o(.ARM.Collect$$libinit$$0000001D)
    __rt_lib_init_stdio_1                    0x0800021f   Thumb Code     0  libinit2.o(.ARM.Collect$$libinit$$00000025)
    __rt_lib_shutdown                        0x08000221   Thumb Code     0  libshutdown.o(.ARM.Collect$$libshutdown$$00000000)
    __rt_lib_shutdown_cpp_1                  0x08000223   Thumb Code     0  libshutdown2.o(.ARM.Collect$$libshutdown$$00000002)
    __rt_lib_shutdown_fp_trap_1              0x08000223   Thumb Code     0  libshutdown2.o(.ARM.Collect$$libshutdown$$00000007)
    __rt_lib_shutdown_heap_1                 0x08000223   Thumb Code     0  libshutdown2.o(.ARM.Collect$$libshutdown$$0000000F)
    __rt_lib_shutdown_return                 0x08000223   Thumb Code     0  libshutdown2.o(.ARM.Collect$$libshutdown$$00000010)
    __rt_lib_shutdown_signal_1               0x08000223   Thumb Code     0  libshutdown2.o(.ARM.Collect$$libshutdown$$0000000A)
    __rt_lib_shutdown_stdio_1                0x08000223   Thumb Code     0  libshutdown2.o(.ARM.Collect$$libshutdown$$00000004)
    __rt_lib_shutdown_user_alloc_1           0x08000223   Thumb Code     0  libshutdown2.o(.ARM.Collect$$libshutdown$$0000000C)
    __rt_entry                               0x08000225   Thumb Code     0  __rtentry.o(.ARM.Collect$$rtentry$$00000000)
    __rt_entry_presh_1                       0x08000225   Thumb Code     0  __rtentry2.o(.ARM.Collect$$rtentry$$00000002)
    __rt_entry_sh                            0x08000225   Thumb Code     0  __rtentry4.o(.ARM.Collect$$rtentry$$00000004)
    __rt_entry_li                            0x0800022b   Thumb Code     0  __rtentry2.o(.ARM.Collect$$rtentry$$0000000A)
    __rt_entry_postsh_1                      0x0800022b   Thumb Code     0  __rtentry2.o(.ARM.Collect$$rtentry$$00000009)
    __rt_entry_postli_1                      0x0800022f   Thumb Code     0  __rtentry2.o(.ARM.Collect$$rtentry$$0000000B)
    __rt_entry_main                          0x08000237   Thumb Code     0  __rtentry2.o(.ARM.Collect$$rtentry$$0000000D)
    __rt_exit                                0x0800023f   Thumb Code     0  rtexit.o(.ARM.Collect$$rtexit$$00000000)
    __rt_exit_ls                             0x08000241   Thumb Code     0  rtexit2.o(.ARM.Collect$$rtexit$$00000003)
    __rt_exit_prels_1                        0x08000241   Thumb Code     0  rtexit2.o(.ARM.Collect$$rtexit$$00000002)
    __rt_exit_exit                           0x08000245   Thumb Code     0  rtexit2.o(.ARM.Collect$$rtexit$$00000004)
    _platform_post_lib_init                  0x0800024d   Thumb Code    24  rtx_conf_cm.o(.emb_text)
    rt_set_PSP                               0x08000269   Thumb Code     6  hal_cm4.o(.emb_text)
    rt_get_PSP                               0x0800026f   Thumb Code     6  hal_cm4.o(.emb_text)
    os_set_env                               0x08000275   Thumb Code    24  hal_cm4.o(.emb_text)
    _alloc_box                               0x08000291   Thumb Code    28  hal_cm4.o(.emb_text)
    _free_box                                0x080002b1   Thumb Code    28  hal_cm4.o(.emb_text)
    SVC_Handler                              0x080002d1   Thumb Code   168  hal_cm4.o(.emb_text)
    PendSV_Handler                           0x08000389   Thumb Code    96  hal_cm4.o(.emb_text)
    SysTick_Handler                          0x080003ed   Thumb Code     8  hal_cm4.o(.emb_text)
    OS_Tick_Handler                          0x080003f5   Thumb Code    12  hal_cm4.o(.emb_text)
    Reset_Handler                            0x08000401   Thumb Code     8  startup_stm32f407xx.o(.text)
    NMI_Handler                              0x08000409   Thumb Code     2  startup_stm32f407xx.o(.text)
    HardFault_Handler                        0x0800040b   Thumb Code     2  startup_stm32f407xx.o(.text)
    MemManage_Handler                        0x0800040d   Thumb Code     2  startup_stm32f407xx.o(.text)
    BusFault_Handler                         0x0800040f   Thumb Code     2  startup_stm32f407xx.o(.text)
    UsageFault_Handler                       0x08000411   Thumb Code     2  startup_stm32f407xx.o(.text)
    DebugMon_Handler                         0x08000415   Thumb Code     2  startup_stm32f407xx.o(.text)
    ADC_IRQHandler                           0x0800041b   Thumb Code     0  startup_stm32f407xx.o(.text)
    CAN1_RX0_IRQHandler                      0x0800041b   Thumb Code     0  startup_stm32f407xx.o(.text)
    CAN1_RX1_IRQHandler                      0x0800041b   Thumb Code     0  startup_stm32f407xx.o(.text)
    CAN1_SCE_IRQHandler                      0x0800041b   Thumb Code     0  startup_stm32f407xx.o(.text)
    CAN1_TX_IRQHandler                       0x0800041b   Thumb Code     0  startup_stm32f407xx.o(.text)
    CAN2_RX0_IRQHandler                      0x0800041b   Thumb Code     0  startup_stm32f407xx.o(.text)
    CAN2_RX1_IRQHandler                      0x0800041b   Thumb Code     0  startup_stm32f407xx.o(.text)
    CAN2_SCE_IRQHandler                      0x0800041b   Thumb Code     0  startup_stm32f407xx.o(.text)
    CAN2_TX_IRQHandler                       0x0800041b   Thumb Code     0  startup_stm32f407xx.o(.text)
    DCMI_IRQHandler                          0x0800041b   Thumb Code     0  startup_stm32f407xx.o(.text)
    DMA1_Stream0_IRQHandler                  0x0800041b   Thumb Code     0  startup_stm32f407xx.o(.text)
    DMA1_Stream1_IRQHandler                  0x0800041b   Thumb Code     0  startup_stm32f407xx.o(.text)
    DMA1_Stream2_IRQHandler                  0x0800041b   Thumb Code     0  startup_stm32f407xx.o(.text)
    DMA1_Stream3_IRQHandler                  0x0800041b   Thumb Code     0  startup_stm32f407xx.o(.text)
    DMA1_Stream4_IRQHandler                  0x0800041b   Thumb Code     0  startup_stm32f407xx.o(.text)
    DMA1_Stream5_IRQHandler                  0x0800041b   Thumb Code     0  startup_stm32f407xx.o(.text)
    DMA1_Stream6_IRQHandler                  0x0800041b   Thumb Code     0  startup_stm32f407xx.o(.text)
    DMA1_Stream7_IRQHandler                  0x0800041b   Thumb Code     0  startup_stm32f407xx.o(.text)
    DMA2_Stream0_IRQHandler                  0x0800041b   Thumb Code     0  startup_stm32f407xx.o(.text)
    DMA2_Stream1_IRQHandler                  0x0800041b   Thumb Code     0  startup_stm32f407xx.o(.text)
    DMA2_Stream2_IRQHandler                  0x0800041b   Thumb Code     0  startup_stm32f407xx.o(.text)
    DMA2_Stream3_IRQHandler                  0x0800041b   Thumb Code     0  startup_stm32f407xx.o(.text)
    DMA2_Stream4_IRQHandler                  0x0800041b   Thumb Code     0  startup_stm32f407xx.o(.text)
    DMA2_Stream5_IRQHandler                  0x0800041b   Thumb Code     0  startup_stm32f407xx.o(.text)
    DMA2_Stream6_IRQHandler                  0x0800041b   Thumb Code     0  startup_stm32f407xx.o(.text)
    DMA2_Stream7_IRQHandler                  0x0800041b   Thumb Code     0  startup_stm32f407xx.o(.text)
    ETH_IRQHandler                           0x0800041b   Thumb Code     0  startup_stm32f407xx.o(.text)
    ETH_WKUP_IRQHandler                      0x0800041b   Thumb Code     0  startup_stm32f407xx.o(.text)
    EXTI0_IRQHandler                         0x0800041b   Thumb Code     0  startup_stm32f407xx.o(.text)
    EXTI15_10_IRQHandler                     0x0800041b   Thumb Code     0  startup_stm32f407xx.o(.text)
    EXTI1_IRQHandler                         0x0800041b   Thumb Code     0  startup_stm32f407xx.o(.text)
    EXTI2_IRQHandler                         0x0800041b   Thumb Code     0  startup_stm32f407xx.o(.text)
    EXTI3_IRQHandler                         0x0800041b   Thumb Code     0  startup_stm32f407xx.o(.text)
    EXTI4_IRQHandler                         0x0800041b   Thumb Code     0  startup_stm32f407xx.o(.text)
    EXTI9_5_IRQHandler                       0x0800041b   Thumb Code     0  startup_stm32f407xx.o(.text)
    FLASH_IRQHandler                         0x0800041b   Thumb Code     0  startup_stm32f407xx.o(.text)
    FMC_IRQHandler                           0x0800041b   Thumb Code     0  startup_stm32f407xx.o(.text)
    FPU_IRQHandler                           0x0800041b   Thumb Code     0  startup_stm32f407xx.o(.text)
    HASH_RNG_IRQHandler                      0x0800041b   Thumb Code     0  startup_stm32f407xx.o(.text)
    I2C1_ER_IRQHandler                       0x0800041b   Thumb Code     0  startup_stm32f407xx.o(.text)
    I2C1_EV_IRQHandler                       0x0800041b   Thumb Code     0  startup_stm32f407xx.o(.text)
    I2C2_ER_IRQHandler                       0x0800041b   Thumb Code     0  startup_stm32f407xx.o(.text)
    I2C2_EV_IRQHandler                       0x0800041b   Thumb Code     0  startup_stm32f407xx.o(.text)
    I2C3_ER_IRQHandler                       0x0800041b   Thumb Code     0  startup_stm32f407xx.o(.text)
    I2C3_EV_IRQHandler                       0x0800041b   Thumb Code     0  startup_stm32f407xx.o(.text)
    OTG_FS_IRQHandler                        0x0800041b   Thumb Code     0  startup_stm32f407xx.o(.text)
    OTG_FS_WKUP_IRQHandler                   0x0800041b   Thumb Code     0  startup_stm32f407xx.o(.text)
    OTG_HS_EP1_IN_IRQHandler                 0x0800041b   Thumb Code     0  startup_stm32f407xx.o(.text)
    OTG_HS_EP1_OUT_IRQHandler                0x0800041b   Thumb Code     0  startup_stm32f407xx.o(.text)
    OTG_HS_IRQHandler                        0x0800041b   Thumb Code     0  startup_stm32f407xx.o(.text)
    OTG_HS_WKUP_IRQHandler                   0x0800041b   Thumb Code     0  startup_stm32f407xx.o(.text)
    PVD_IRQHandler                           0x0800041b   Thumb Code     0  startup_stm32f407xx.o(.text)
    RCC_IRQHandler                           0x0800041b   Thumb Code     0  startup_stm32f407xx.o(.text)
    RTC_Alarm_IRQHandler                     0x0800041b   Thumb Code     0  startup_stm32f407xx.o(.text)
    RTC_WKUP_IRQHandler                      0x0800041b   Thumb Code     0  startup_stm32f407xx.o(.text)
    SDIO_IRQHandler                          0x0800041b   Thumb Code     0  startup_stm32f407xx.o(.text)
    SPI1_IRQHandler                          0x0800041b   Thumb Code     0  startup_stm32f407xx.o(.text)
    SPI2_IRQHandler                          0x0800041b   Thumb Code     0  startup_stm32f407xx.o(.text)
    SPI3_IRQHandler                          0x0800041b   Thumb Code     0  startup_stm32f407xx.o(.text)
    TAMP_STAMP_IRQHandler                    0x0800041b   Thumb Code     0  startup_stm32f407xx.o(.text)
    TIM1_BRK_TIM9_IRQHandler                 0x0800041b   Thumb Code     0  startup_stm32f407xx.o(.text)
    TIM1_CC_IRQHandler                       0x0800041b   Thumb Code     0  startup_stm32f407xx.o(.text)
    TIM1_TRG_COM_TIM11_IRQHandler            0x0800041b   Thumb Code     0  startup_stm32f407xx.o(.text)
    TIM1_UP_TIM10_IRQHandler                 0x0800041b   Thumb Code     0  startup_stm32f407xx.o(.text)
    TIM2_IRQHandler                          0x0800041b   Thumb Code     0  startup_stm32f407xx.o(.text)
    TIM3_IRQHandler                          0x0800041b   Thumb Code     0  startup_stm32f407xx.o(.text)
    TIM4_IRQHandler                          0x0800041b   Thumb Code     0  startup_stm32f407xx.o(.text)
    TIM5_IRQHandler                          0x0800041b   Thumb Code     0  startup_stm32f407xx.o(.text)
    TIM6_DAC_IRQHandler                      0x0800041b   Thumb Code     0  startup_stm32f407xx.o(.text)
    TIM7_IRQHandler                          0x0800041b   Thumb Code     0  startup_stm32f407xx.o(.text)
    TIM8_BRK_TIM12_IRQHandler                0x0800041b   Thumb Code     0  startup_stm32f407xx.o(.text)
    TIM8_CC_IRQHandler                       0x0800041b   Thumb Code     0  startup_stm32f407xx.o(.text)
    TIM8_TRG_COM_TIM14_IRQHandler            0x0800041b   Thumb Code     0  startup_stm32f407xx.o(.text)
    TIM8_UP_TIM13_IRQHandler                 0x0800041b   Thumb Code     0  startup_stm32f407xx.o(.text)
    UART4_IRQHandler                         0x0800041b   Thumb Code     0  startup_stm32f407xx.o(.text)
    UART5_IRQHandler                         0x0800041b   Thumb Code     0  startup_stm32f407xx.o(.text)
    USART1_IRQHandler                        0x0800041b   Thumb Code     0  startup_stm32f407xx.o(.text)
    USART2_IRQHandler                        0x0800041b   Thumb Code     0  startup_stm32f407xx.o(.text)
    USART6_IRQHandler                        0x0800041b   Thumb Code     0  startup_stm32f407xx.o(.text)
    WWDG_IRQHandler                          0x0800041b   Thumb Code     0  startup_stm32f407xx.o(.text)
    __user_initial_stackheap                 0x0800041d   Thumb Code     0  startup_stm32f407xx.o(.text)
    __user_libspace                          0x08000441   Thumb Code     8  libspace.o(.text)
    __user_perproc_libspace                  0x08000441   Thumb Code     0  libspace.o(.text)
    __aeabi_uldivmod                         0x08000449   Thumb Code     0  lludivv7m.o(.text)
    _ll_udiv                                 0x08000449   Thumb Code   238  lludivv7m.o(.text)
    __0sscanf                                0x08000539   Thumb Code    52  __0sscanf.o(.text)
    exit                                     0x08000575   Thumb Code    18  exit.o(.text)
    __aeabi_memclr4                          0x08000587   Thumb Code     0  rt_memclr_w.o(.text)
    __aeabi_memclr8                          0x08000587   Thumb Code     0  rt_memclr_w.o(.text)
    __rt_memclr_w                            0x08000587   Thumb Code    78  rt_memclr_w.o(.text)
    _memset_w                                0x0800058b   Thumb Code     0  rt_memclr_w.o(.text)
    __use_two_region_memory                  0x080005d5   Thumb Code     2  heapauxi.o(.text)
    __rt_heap_escrow$2region                 0x080005d7   Thumb Code     2  heapauxi.o(.text)
    __rt_heap_expand$2region                 0x080005d9   Thumb Code     2  heapauxi.o(.text)
    _scanf_really_real                       0x080007d9   Thumb Code   668  scanf_fp.o(.text)
    __vfscanf_char                           0x08000a8d   Thumb Code    24  scanf_char.o(.text)
    _sgetc                                   0x08000aad   Thumb Code    30  _sgetc.o(.text)
    _sbackspace                              0x08000acb   Thumb Code    34  _sgetc.o(.text)
    __rt_locale                              0x08000aed   Thumb Code    10  rt_locale_twolibspace.o(.text)
    __aeabi_errno_addr                       0x08000af7   Thumb Code     4  rt_errno_addr_twolibspace.o(.text)
    __errno$twolibspace                      0x08000af7   Thumb Code     0  rt_errno_addr_twolibspace.o(.text)
    __rt_errno_addr$twolibspace              0x08000af7   Thumb Code     0  rt_errno_addr_twolibspace.o(.text)
    isspace                                  0x08000afb   Thumb Code    18  isspace.o(.text)
    __vfscanf                                0x08000b0d   Thumb Code   878  _scanf.o(.text)
    _btod_etento                             0x08000e81   Thumb Code   216  bigflt0.o(.text)
    _sys_exit                                0x08000f5d   Thumb Code     8  sys_exit.o(.text)
    __user_setup_stackheap                   0x08000f69   Thumb Code    74  sys_stackheap_outer.o(.text)
    __rt_ctype_table                         0x08000fb5   Thumb Code    16  rt_ctype_table.o(.text)
    __read_errno                             0x08000fc5   Thumb Code    10  _rserrno.o(.text)
    __set_errno                              0x08000fcf   Thumb Code    12  _rserrno.o(.text)
    _scanf_really_hex_real                   0x08000fdd   Thumb Code   778  scanf_hexfp.o(.text)
    _scanf_really_infnan                     0x080012f5   Thumb Code   292  scanf_infnan.o(.text)
    strcmp                                   0x08001429   Thumb Code   128  strcmpv7m.o(.text)
    __I$use$semihosting                      0x080014a9   Thumb Code     0  use_no_semi.o(.text)
    __use_no_semihosting_swi                 0x080014a9   Thumb Code     2  use_no_semi.o(.text)
    __aeabi_llsl                             0x080014ab   Thumb Code     0  llshl.o(.text)
    __semihosting_library_function           0x080014ab   Thumb Code     0  indicate_semi.o(.text)
    _ll_shift_l                              0x080014ab   Thumb Code    38  llshl.o(.text)
    _chval                                   0x080014d1   Thumb Code    28  _chval.o(.text)
    __btod_div_common                        0x080014ed   Thumb Code   696  btod.o(CL$$btod_div_common)
    _e2d                                     0x08001825   Thumb Code    80  btod.o(CL$$btod_e2d)
    _e2e                                     0x08001879   Thumb Code   198  btod.o(CL$$btod_e2e)
    _btod_ediv                               0x0800193f   Thumb Code    40  btod.o(CL$$btod_ediv)
    _btod_edivd                              0x08001967   Thumb Code    40  btod.o(CL$$btod_edivd)
    _btod_emul                               0x0800198f   Thumb Code    40  btod.o(CL$$btod_emul)
    _btod_emuld                              0x080019b7   Thumb Code    40  btod.o(CL$$btod_emuld)
    __btod_mult_common                       0x080019df   Thumb Code   580  btod.o(CL$$btod_mult_common)
    SVC_Count                                0x08001c24   Data           4  svc_table.o(SVC_TABLE)
    SVC_Table                                0x08001c28   Data           0  svc_table.o(SVC_TABLE)
    HAL_DMA_Abort                            0x08001db1   Thumb Code   170  stm32f4xx_hal_dma.o(i.HAL_DMA_Abort)
    HAL_GPIO_DeInit                          0x08001e5d   Thumb Code   316  stm32f4xx_hal_gpio.o(i.HAL_GPIO_DeInit)
    HAL_GPIO_Init                            0x08001fc1   Thumb Code   466  stm32f4xx_hal_gpio.o(i.HAL_GPIO_Init)
    HAL_GPIO_ReadPin                         0x080021c1   Thumb Code    16  stm32f4xx_hal_gpio.o(i.HAL_GPIO_ReadPin)
    HAL_GPIO_WritePin                        0x080021d1   Thumb Code    12  stm32f4xx_hal_gpio.o(i.HAL_GPIO_WritePin)
    HAL_GetREVID                             0x080021dd   Thumb Code     8  stm32f4xx_hal.o(i.HAL_GetREVID)
    HAL_GetTick                              0x080021e9   Thumb Code     6  stm32f4xx_hal.o(i.HAL_GetTick)
    HAL_Init                                 0x080021f5   Thumb Code    44  stm32f4xx_hal.o(i.HAL_Init)
    HAL_InitTick                             0x08002225   Thumb Code    64  stm32f4xx_hal.o(i.HAL_InitTick)
    HAL_MspInit                              0x08002271   Thumb Code     2  stm32f4xx_hal.o(i.HAL_MspInit)
    HAL_NVIC_DisableIRQ                      0x08002275   Thumb Code    62  stm32f4xx_hal_cortex.o(i.HAL_NVIC_DisableIRQ)
    HAL_NVIC_SetPriority                     0x080022b9   Thumb Code   124  stm32f4xx_hal_cortex.o(i.HAL_NVIC_SetPriority)
    HAL_NVIC_SetPriorityGrouping             0x08002335   Thumb Code    32  stm32f4xx_hal_cortex.o(i.HAL_NVIC_SetPriorityGrouping)
    HAL_RCC_ClockConfig                      0x0800235d   Thumb Code   366  stm32f4xx_hal_rcc.o(i.HAL_RCC_ClockConfig)
    HAL_RCC_GetHCLKFreq                      0x080024dd   Thumb Code     6  stm32f4xx_hal_rcc.o(i.HAL_RCC_GetHCLKFreq)
    HAL_RCC_GetPCLK1Freq                     0x080024e9   Thumb Code    22  stm32f4xx_hal_rcc.o(i.HAL_RCC_GetPCLK1Freq)
    HAL_RCC_GetSysClockFreq                  0x08002509   Thumb Code   162  stm32f4xx_hal_rcc.o(i.HAL_RCC_GetSysClockFreq)
    HAL_RCC_OscConfig                        0x080025b9   Thumb Code  1086  stm32f4xx_hal_rcc.o(i.HAL_RCC_OscConfig)
    HAL_SYSTICK_Config                       0x08002a01   Thumb Code    52  stm32f4xx_hal_cortex.o(i.HAL_SYSTICK_Config)
    LED_Initialize                           0x08002a35   Thumb Code    68  led_f4discovery.o(i.LED_Initialize)
    LED_On                                   0x08002a81   Thumb Code    40  led_f4discovery.o(i.LED_On)
    SystemCoreClockUpdate                    0x08002b6d   Thumb Code   170  system_stm32f4xx.o(i.SystemCoreClockUpdate)
    SystemInit                               0x08002c2d   Thumb Code    82  system_stm32f4xx.o(i.SystemInit)
    Thread_T                                 0x08002c91   Thumb Code    94  main.o(i.Thread_T)
    USART3_IRQHandler                        0x08002d6d   Thumb Code    10  usart_stm32f4xx.o(i.USART3_IRQHandler)
    USART_IRQHandler                         0x08003873   Thumb Code   626  usart_stm32f4xx.o(i.USART_IRQHandler)
    __hardfp_ldexp                           0x08004249   Thumb Code   200  ldexp.o(i.__hardfp_ldexp)
    __mathlib_dbl_overflow                   0x08004319   Thumb Code    24  dunder.o(i.__mathlib_dbl_overflow)
    __mathlib_dbl_underflow                  0x08004339   Thumb Code    24  dunder.o(i.__mathlib_dbl_underflow)
    __mathlib_narrow                         0x08004359   Thumb Code   166  narrow.o(i.__mathlib_narrow)
    __support_ldexp                          0x08004411   Thumb Code    20  ldexp.o(i.__support_ldexp)
    __user_perthread_libspace                0x08004425   Thumb Code    32  rtx_conf_cm.o(i.__user_perthread_libspace)
    _init_box                                0x08004451   Thumb Code    70  rt_membox.o(i._init_box)
    _is_digit                                0x08004497   Thumb Code    14  scanf_fp.o(i._is_digit)
    _mutex_acquire                           0x080044a5   Thumb Code    22  rtx_conf_cm.o(i._mutex_acquire)
    _mutex_release                           0x080044c5   Thumb Code    18  rtx_conf_cm.o(i._mutex_release)
    dbg_init                                 0x080044e1   Thumb Code    34  hal_cm.o(i.dbg_init)
    dbg_task_notify                          0x08004511   Thumb Code    32  hal_cm.o(i.dbg_task_notify)
    dbg_task_switch                          0x08004531   Thumb Code    16  hal_cm.o(i.dbg_task_switch)
    event_UART                               0x08004541   Thumb Code    26  main.o(i.event_UART)
    frexp                                    0x08004561   Thumb Code   118  frexp.o(i.frexp)
    isrMessageGet                            0x080045ed   Thumb Code    42  rt_cmsis.o(i.isrMessageGet)
    isrMessagePut                            0x08004617   Thumb Code    44  rt_cmsis.o(i.isrMessagePut)
    isrSignalSet                             0x08004643   Thumb Code    36  rt_cmsis.o(i.isrSignalSet)
    isr_evt_set                              0x08004669   Thumb Code    34  rt_event.o(i.isr_evt_set)
    isr_mbx_receive                          0x08004691   Thumb Code    86  rt_mailbox.o(i.isr_mbx_receive)
    isr_mbx_send                             0x080046e7   Thumb Code    14  rt_mailbox.o(i.isr_mbx_send)
    main                                     0x080046f5   Thumb Code   122  main.o(i.main)
    osDelay                                  0x08004789   Thumb Code    18  rt_cmsis.o(i.osDelay)
    osKernelInitialize                       0x080047a1   Thumb Code    30  rt_cmsis.o(i.osKernelInitialize)
    osKernelStart                            0x080047c5   Thumb Code    98  rt_cmsis.o(i.osKernelStart)
    osMessageGet                             0x08004831   Thumb Code    18  rt_cmsis.o(i.osMessageGet)
    osSignalSet                              0x08004849   Thumb Code    18  rt_cmsis.o(i.osSignalSet)
    osSignalWait                             0x08004861   Thumb Code    18  rt_cmsis.o(i.osSignalWait)
    osThreadCreate                           0x08004879   Thumb Code    36  rt_cmsis.o(i.osThreadCreate)
    osThreadExit                             0x080048a5   Thumb Code    14  rt_cmsis.o(i.osThreadExit)
    osTimerCall                              0x080048bd   Thumb Code     8  rt_cmsis.o(i.osTimerCall)
    osTimerThread                            0x080048c9   Thumb Code    38  rt_cmsis.o(i.osTimerThread)
    os_error                                 0x080048f5   Thumb Code    34  rtx_conf_cm.o(i.os_error)
    os_idle_demon                            0x08004917   Thumb Code     4  rtx_conf_cm.o(i.os_idle_demon)
    os_tick_init                             0x0800491d   Thumb Code    32  rt_system.o(i.os_tick_init)
    os_tick_irqack                           0x08004945   Thumb Code     2  rt_system.o(i.os_tick_irqack)
    rt_alloc_box                             0x08004947   Thumb Code    26  rt_membox.o(i.rt_alloc_box)
    rt_alloc_mem                             0x08004961   Thumb Code    62  rt_memory.o(i.rt_alloc_mem)
    rt_block                                 0x080049a1   Thumb Code    48  rt_task.o(i.rt_block)
    rt_chk_robin                             0x080049d9   Thumb Code    60  rt_robin.o(i.rt_chk_robin)
    rt_dec_dly                               0x08004a21   Thumb Code   102  rt_list.o(i.rt_dec_dly)
    rt_dispatch                              0x08004a91   Thumb Code    60  rt_task.o(i.rt_dispatch)
    rt_dly_wait                              0x08004ad5   Thumb Code     6  rt_time.o(i.rt_dly_wait)
    rt_evt_psh                               0x08004add   Thumb Code    76  rt_event.o(i.rt_evt_psh)
    rt_evt_set                               0x08004b2d   Thumb Code    88  rt_event.o(i.rt_evt_set)
    rt_evt_wait                              0x08004b89   Thumb Code    56  rt_event.o(i.rt_evt_wait)
    rt_free_box                              0x08004bc5   Thumb Code    44  rt_membox.o(i.rt_free_box)
    rt_free_mem                              0x08004bf1   Thumb Code    40  rt_memory.o(i.rt_free_mem)
    rt_get_first                             0x08004c19   Thumb Code    40  rt_list.o(i.rt_get_first)
    rt_init_mem                              0x08004c91   Thumb Code    26  rt_memory.o(i.rt_init_mem)
    rt_init_robin                            0x08004cad   Thumb Code    14  rt_robin.o(i.rt_init_robin)
    rt_init_stack                            0x08004cc5   Thumb Code   118  hal_cm.o(i.rt_init_stack)
    rt_mbx_check                             0x08004d45   Thumb Code     8  rt_mailbox.o(i.rt_mbx_check)
    rt_mbx_init                              0x08004d4d   Thumb Code    26  rt_mailbox.o(i.rt_mbx_init)
    rt_mbx_psh                               0x08004d69   Thumb Code   236  rt_mailbox.o(i.rt_mbx_psh)
    rt_mbx_wait                              0x08004e59   Thumb Code   174  rt_mailbox.o(i.rt_mbx_wait)
    rt_mut_release                           0x08004f51   Thumb Code   208  rt_mutex.o(i.rt_mut_release)
    rt_mut_wait                              0x08005029   Thumb Code   114  rt_mutex.o(i.rt_mut_wait)
    rt_pop_req                               0x080050a1   Thumb Code   112  rt_system.o(i.rt_pop_req)
    rt_psh_req                               0x0800511d   Thumb Code    22  rt_system.o(i.rt_psh_req)
    rt_psq_enq                               0x0800513d   Thumb Code    88  rt_list.o(i.rt_psq_enq)
    rt_put_dly                               0x08005199   Thumb Code    68  rt_list.o(i.rt_put_dly)
    rt_put_prio                              0x080051e1   Thumb Code    54  rt_list.o(i.rt_put_prio)
    rt_put_rdy_first                         0x08005219   Thumb Code    14  rt_list.o(i.rt_put_rdy_first)
    rt_resort_prio                           0x0800522d   Thumb Code    46  rt_list.o(i.rt_resort_prio)
    rt_ret_val                               0x08005271   Thumb Code    12  hal_cm.o(i.rt_ret_val)
    rt_ret_val2                              0x0800527d   Thumb Code    16  hal_cm.o(i.rt_ret_val2)
    rt_rmv_dly                               0x0800528d   Thumb Code    40  rt_list.o(i.rt_rmv_dly)
    rt_rmv_list                              0x080052b5   Thumb Code    44  rt_list.o(i.rt_rmv_list)
    rt_sem_psh                               0x080052e5   Thumb Code    48  rt_semaphore.o(i.rt_sem_psh)
    rt_stk_check                             0x08005319   Thumb Code    28  rt_system.o(i.rt_stk_check)
    rt_switch_req                            0x0800533d   Thumb Code    30  rt_task.o(i.rt_switch_req)
    rt_sys_init                              0x08005365   Thumb Code   138  rt_task.o(i.rt_sys_init)
    rt_sys_start                             0x08005431   Thumb Code   110  rt_task.o(i.rt_sys_start)
    rt_systick                               0x080054a9   Thumb Code    50  rt_system.o(i.rt_systick)
    rt_tsk_create                            0x08005531   Thumb Code   118  rt_task.o(i.rt_tsk_create)
    rt_tsk_delete                            0x080055b9   Thumb Code   352  rt_task.o(i.rt_tsk_delete)
    rt_tsk_prio                              0x08005735   Thumb Code   108  rt_task.o(i.rt_tsk_prio)
    rt_tsk_self                              0x080057b1   Thumb Code    12  rt_task.o(i.rt_tsk_self)
    svcDelay                                 0x080057c1   Thumb Code    18  rt_cmsis.o(i.svcDelay)
    svcKernelInitialize                      0x080057d5   Thumb Code    80  rt_cmsis.o(i.svcKernelInitialize)
    svcKernelStart                           0x08005845   Thumb Code    62  rt_cmsis.o(i.svcKernelStart)
    svcMessageCreate                         0x0800588d   Thumb Code    36  rt_cmsis.o(i.svcMessageCreate)
    svcMessageGet                            0x080058b1   Thumb Code    58  rt_cmsis.o(i.svcMessageGet)
    svcSignalSet                             0x080058eb   Thumb Code    36  rt_cmsis.o(i.svcSignalSet)
    svcSignalWait                            0x08005911   Thumb Code    80  rt_cmsis.o(i.svcSignalWait)
    svcThreadCreate                          0x08005965   Thumb Code    96  rt_cmsis.o(i.svcThreadCreate)
    svcThreadGetId                           0x080059d1   Thumb Code    22  rt_cmsis.o(i.svcThreadGetId)
    svcThreadTerminate                       0x080059ed   Thumb Code    50  rt_cmsis.o(i.svcThreadTerminate)
    svcTimerCall                             0x08005a25   Thumb Code    24  rt_cmsis.o(i.svcTimerCall)
    sysTimerTick                             0x08005a3d   Thumb Code    84  rt_cmsis.o(i.sysTimerTick)
    _get_lc_numeric                          0x08005a99   Thumb Code    44  lc_numeric_c.o(locale$$code)
    _get_lc_ctype                            0x08005ac5   Thumb Code    44  lc_ctype_c.o(locale$$code)
    __aeabi_d2f                              0x08005af1   Thumb Code     0  d2f.o(x$fpl$d2f)
    _d2f                                     0x08005af1   Thumb Code    98  d2f.o(x$fpl$d2f)
    __fpl_dcheck_NaN1                        0x08005b55   Thumb Code    10  dcheck1.o(x$fpl$dcheck1)
    __fpl_dcmp_Inf                           0x08005b65   Thumb Code    24  dcmpi.o(x$fpl$dcmpinf)
    __aeabi_cdcmpeq                          0x08005b7d   Thumb Code     0  deqf.o(x$fpl$deqf)
    _dcmpeq                                  0x08005b7d   Thumb Code   120  deqf.o(x$fpl$deqf)
    __aeabi_cdcmple                          0x08005bf5   Thumb Code     0  dleqf.o(x$fpl$dleqf)
    _dcmple                                  0x08005bf5   Thumb Code   120  dleqf.o(x$fpl$dleqf)
    __fpl_dcmple_InfNaN                      0x08005c57   Thumb Code     0  dleqf.o(x$fpl$dleqf)
    __aeabi_dmul                             0x08005c6d   Thumb Code     0  dmul.o(x$fpl$dmul)
    _dmul                                    0x08005c6d   Thumb Code   332  dmul.o(x$fpl$dmul)
    __fpl_dnaninf                            0x08005dc1   Thumb Code   156  dnaninf.o(x$fpl$dnaninf)
    __fpl_dretinf                            0x08005e5d   Thumb Code    12  dretinf.o(x$fpl$dretinf)
    __aeabi_cdrcmple                         0x08005e69   Thumb Code     0  drleqf.o(x$fpl$drleqf)
    _drcmple                                 0x08005e69   Thumb Code   108  drleqf.o(x$fpl$drleqf)
    _fp_init                                 0x08005ed5   Thumb Code    10  fpinit.o(x$fpl$fpinit)
    __fplib_config_fpu_vfp                   0x08005edd   Thumb Code     0  fpinit.o(x$fpl$fpinit)
    __fplib_config_pureend_doubles           0x08005edd   Thumb Code     0  fpinit.o(x$fpl$fpinit)
    __fpl_fretinf                            0x08005edf   Thumb Code    10  fretinf.o(x$fpl$fretinf)
    __fpl_return_NaN                         0x08005ee9   Thumb Code   100  retnan.o(x$fpl$retnan)
    __ARM_scalbn                             0x08005f4d   Thumb Code    92  scalbn.o(x$fpl$scalbn)
    _scanf_real                              0x08005fa9   Thumb Code     4  scanf1.o(x$fpl$scanf1)
    _scanf_hex_real                          0x08005fad   Thumb Code     4  scanf2.o(x$fpl$scanf2)
    _scanf_infnan                            0x08005fb1   Thumb Code     4  scanf2.o(x$fpl$scanf2)
    __fpl_cmpreturn                          0x08005fb5   Thumb Code    48  trapv.o(x$fpl$trapveneer)
    __I$use$fp                               0x08005fe4   Number         0  usenofp.o(x$fpl$usenofp)
    os_thread_def_Thread_T                   0x08005fe4   Data          16  main.o(.constdata)
    os_maxtaskrun                            0x08006014   Data           2  rtx_conf_cm.o(.constdata)
    os_stackinfo                             0x08006018   Data           4  rtx_conf_cm.o(.constdata)
    os_rrobin                                0x0800601c   Data           4  rtx_conf_cm.o(.constdata)
    os_tickfreq                              0x08006020   Data           4  rtx_conf_cm.o(.constdata)
    os_tickus_i                              0x08006024   Data           2  rtx_conf_cm.o(.constdata)
    os_tickus_f                              0x08006026   Data           2  rtx_conf_cm.o(.constdata)
    os_trv                                   0x08006028   Data           4  rtx_conf_cm.o(.constdata)
    os_flags                                 0x0800602c   Data           1  rtx_conf_cm.o(.constdata)
    CMSIS_RTOS_API_Version                   0x08006030   Data           4  rtx_conf_cm.o(.constdata)
    CMSIS_RTOS_RTX_Version                   0x08006034   Data           4  rtx_conf_cm.o(.constdata)
    os_clockrate                             0x08006038   Data           4  rtx_conf_cm.o(.constdata)
    os_timernum                              0x0800603c   Data           4  rtx_conf_cm.o(.constdata)
    mp_tcb_size                              0x08006040   Data           2  rtx_conf_cm.o(.constdata)
    mp_stk_size                              0x08006044   Data           4  rtx_conf_cm.o(.constdata)
    os_stack_sz                              0x08006048   Data           4  rtx_conf_cm.o(.constdata)
    os_fifo_size                             0x0800604c   Data           1  rtx_conf_cm.o(.constdata)
    os_thread_def_osTimerThread              0x08006050   Data          16  rtx_conf_cm.o(.constdata)
    os_messageQ_def_osTimerMessageQ          0x08006060   Data           8  rtx_conf_cm.o(.constdata)
    mp_tmr_size                              0x08006068   Data           2  rtx_conf_cm.o(.constdata)
    os_thread_def_main                       0x0800606c   Data          16  rtx_conf_cm.o(.constdata)
    Driver_USART3                            0x080060cc   Data          56  usart_stm32f4xx.o(.constdata)
    AHBPrescTable                            0x08006104   Data          16  system_stm32f4xx.o(.constdata)
    APBPrescTable                            0x08006114   Data           8  system_stm32f4xx.o(.constdata)
    Region$$Table$$Base                      0x080061b0   Number         0  anon$$obj.o(Region$$Table)
    Region$$Table$$Limit                     0x080061d0   Number         0  anon$$obj.o(Region$$Table)
    __aeabi_HUGE_VAL                         0x080061d0   Data           0  fpconst.o(c$$dinf)
    __aeabi_HUGE_VALL                        0x080061d0   Data           0  fpconst.o(c$$dinf)
    __aeabi_INFINITY                         0x080061d0   Data           0  fpconst.o(c$$dinf)
    __dInf                                   0x080061d0   Data           0  fpconst.o(c$$dinf)
    __huge_val                               0x080061d0   Data           0  fpconst.o(c$$dinf)
    __ctype                                  0x08006201   Data           0  lc_ctype_c.o(locale$$data)
    tid_Thread_T                             0x20000000   Data           4  main.o(.data)
    osThreadId_osTimerThread                 0x20000004   Data           4  rtx_conf_cm.o(.data)
    osMessageQId_osTimerMessageQ             0x20000008   Data           4  rtx_conf_cm.o(.data)
    os_tmr                                   0x2000000c   Data           4  rtx_conf_cm.o(.data)
    m_tmr                                    0x20000010   Data           4  rtx_conf_cm.o(.data)
    uwTick                                   0x20000018   Data           4  stm32f4xx_hal.o(.data)
    uwTickPrio                               0x2000001c   Data           4  stm32f4xx_hal.o(.data)
    uwTickFreq                               0x20000020   Data           1  stm32f4xx_hal.o(.data)
    SystemCoreClock                          0x20000024   Data           4  system_stm32f4xx.o(.data)
    os_initialized                           0x20000028   Data           1  rt_cmsis.o(.data)
    os_running                               0x20000029   Data           1  rt_cmsis.o(.data)
    os_timer_head                            0x2000002c   Data           4  rt_cmsis.o(.data)
    os_tsk                                   0x20000030   Data           8  rt_task.o(.data)
    os_tick_irqn                             0x2000003c   Data           4  rt_system.o(.data)
    os_time                                  0x20000040   Data           4  rt_time.o(.data)
    os_robin                                 0x20000044   Data           8  rt_robin.o(.data)
    dbg_msg                                  0x2000004c   Data           1  hal_cm.o(.data)
    mp_tcb                                   0x20000050   Data         376  rtx_conf_cm.o(.bss)
    mp_stk                                   0x200001c8   Data       12016  rtx_conf_cm.o(.bss)
    os_stack_mem                             0x200030b8   Data        2232  rtx_conf_cm.o(.bss)
    os_fifo                                  0x20003970   Data         132  rtx_conf_cm.o(.bss)
    os_active_TCB                            0x200039f4   Data          28  rtx_conf_cm.o(.bss)
    os_messageQ_q_osTimerMessageQ            0x20003a10   Data          32  rtx_conf_cm.o(.bss)
    os_idle_TCB                              0x20003d88   Data          52  rt_task.o(.bss)
    os_rdy                                   0x20003dbc   Data          24  rt_list.o(.bss)
    os_dly                                   0x20003dd4   Data          24  rt_list.o(.bss)
    __libspace_start                         0x20003dec   Data          96  libspace.o(.bss)
    __temporary_stack_top$libspace           0x20003e4c   Data           0  libspace.o(.bss)



==============================================================================

Memory Map of the image

  Image Entry point : 0x08000189

  Load Region LR_IROM1 (Base: 0x08000000, Size: 0x00006354, Max: 0x00100000, ABSOLUTE)

    Execution Region ER_IROM1 (Base: 0x08000000, Size: 0x00006304, Max: 0x00100000, ABSOLUTE)

    Base Addr    Size         Type   Attr      Idx    E Section Name        Object

    0x08000000   0x00000188   Data   RO         1659    RESET               startup_stm32f407xx.o
    0x08000188   0x00000008   Code   RO         2932  * !!!main             c_w.l(__main.o)
    0x08000190   0x00000034   Code   RO         3259    !!!scatter          c_w.l(__scatter.o)
    0x080001c4   0x0000001a   Code   RO         3261    !!handler_copy      c_w.l(__scatter_copy.o)
    0x080001de   0x00000002   PAD
    0x080001e0   0x0000001c   Code   RO         3263    !!handler_zi        c_w.l(__scatter_zi.o)
    0x080001fc   0x00000002   Code   RO         3065    .ARM.Collect$$libinit$$00000000  c_w.l(libinit.o)
    0x080001fe   0x00000004   Code   RO         3066    .ARM.Collect$$libinit$$00000001  c_w.l(libinit2.o)
    0x08000202   0x00000000   Code   RO         3069    .ARM.Collect$$libinit$$00000004  c_w.l(libinit2.o)
    0x08000202   0x00000000   Code   RO         3072    .ARM.Collect$$libinit$$0000000A  c_w.l(libinit2.o)
    0x08000202   0x00000000   Code   RO         3074    .ARM.Collect$$libinit$$0000000C  c_w.l(libinit2.o)
    0x08000202   0x00000000   Code   RO         3076    .ARM.Collect$$libinit$$0000000E  c_w.l(libinit2.o)
    0x08000202   0x00000006   Code   RO         3077    .ARM.Collect$$libinit$$0000000F  c_w.l(libinit2.o)
    0x08000208   0x00000000   Code   RO         3079    .ARM.Collect$$libinit$$00000011  c_w.l(libinit2.o)
    0x08000208   0x0000000c   Code   RO         3080    .ARM.Collect$$libinit$$00000012  c_w.l(libinit2.o)
    0x08000214   0x00000000   Code   RO         3081    .ARM.Collect$$libinit$$00000013  c_w.l(libinit2.o)
    0x08000214   0x00000000   Code   RO         3083    .ARM.Collect$$libinit$$00000015  c_w.l(libinit2.o)
    0x08000214   0x0000000a   Code   RO         3084    .ARM.Collect$$libinit$$00000016  c_w.l(libinit2.o)
    0x0800021e   0x00000000   Code   RO         3085    .ARM.Collect$$libinit$$00000017  c_w.l(libinit2.o)
    0x0800021e   0x00000000   Code   RO         3087    .ARM.Collect$$libinit$$00000019  c_w.l(libinit2.o)
    0x0800021e   0x00000000   Code   RO         3089    .ARM.Collect$$libinit$$0000001B  c_w.l(libinit2.o)
    0x0800021e   0x00000000   Code   RO         3091    .ARM.Collect$$libinit$$0000001D  c_w.l(libinit2.o)
    0x0800021e   0x00000000   Code   RO         3093    .ARM.Collect$$libinit$$0000001F  c_w.l(libinit2.o)
    0x0800021e   0x00000000   Code   RO         3095    .ARM.Collect$$libinit$$00000021  c_w.l(libinit2.o)
    0x0800021e   0x00000000   Code   RO         3097    .ARM.Collect$$libinit$$00000023  c_w.l(libinit2.o)
    0x0800021e   0x00000000   Code   RO         3099    .ARM.Collect$$libinit$$00000025  c_w.l(libinit2.o)
    0x0800021e   0x00000000   Code   RO         3103    .ARM.Collect$$libinit$$0000002C  c_w.l(libinit2.o)
    0x0800021e   0x00000000   Code   RO         3105    .ARM.Collect$$libinit$$0000002E  c_w.l(libinit2.o)
    0x0800021e   0x00000000   Code   RO         3107    .ARM.Collect$$libinit$$00000030  c_w.l(libinit2.o)
    0x0800021e   0x00000000   Code   RO         3109    .ARM.Collect$$libinit$$00000032  c_w.l(libinit2.o)
    0x0800021e   0x00000002   Code   RO         3110    .ARM.Collect$$libinit$$00000033  c_w.l(libinit2.o)
    0x08000220   0x00000002   Code   RO         3111    .ARM.Collect$$libshutdown$$00000000  c_w.l(libshutdown.o)
    0x08000222   0x00000000   Code   RO         3143    .ARM.Collect$$libshutdown$$00000002  c_w.l(libshutdown2.o)
    0x08000222   0x00000000   Code   RO         3145    .ARM.Collect$$libshutdown$$00000004  c_w.l(libshutdown2.o)
    0x08000222   0x00000000   Code   RO         3148    .ARM.Collect$$libshutdown$$00000007  c_w.l(libshutdown2.o)
    0x08000222   0x00000000   Code   RO         3151    .ARM.Collect$$libshutdown$$0000000A  c_w.l(libshutdown2.o)
    0x08000222   0x00000000   Code   RO         3153    .ARM.Collect$$libshutdown$$0000000C  c_w.l(libshutdown2.o)
    0x08000222   0x00000000   Code   RO         3156    .ARM.Collect$$libshutdown$$0000000F  c_w.l(libshutdown2.o)
    0x08000222   0x00000002   Code   RO         3157    .ARM.Collect$$libshutdown$$00000010  c_w.l(libshutdown2.o)
    0x08000224   0x00000000   Code   RO         2936    .ARM.Collect$$rtentry$$00000000  c_w.l(__rtentry.o)
    0x08000224   0x00000000   Code   RO         2952    .ARM.Collect$$rtentry$$00000002  c_w.l(__rtentry2.o)
    0x08000224   0x00000006   Code   RO         2964    .ARM.Collect$$rtentry$$00000004  c_w.l(__rtentry4.o)
    0x0800022a   0x00000000   Code   RO         2954    .ARM.Collect$$rtentry$$00000009  c_w.l(__rtentry2.o)
    0x0800022a   0x00000004   Code   RO         2955    .ARM.Collect$$rtentry$$0000000A  c_w.l(__rtentry2.o)
    0x0800022e   0x00000008   Code   RO         2956    .ARM.Collect$$rtentry$$0000000B  c_w.l(__rtentry2.o)
    0x08000236   0x00000008   Code   RO         2958    .ARM.Collect$$rtentry$$0000000D  c_w.l(__rtentry2.o)
    0x0800023e   0x00000002   Code   RO         2937    .ARM.Collect$$rtexit$$00000000  c_w.l(rtexit.o)
    0x08000240   0x00000000   Code   RO         2967    .ARM.Collect$$rtexit$$00000002  c_w.l(rtexit2.o)
    0x08000240   0x00000004   Code   RO         2968    .ARM.Collect$$rtexit$$00000003  c_w.l(rtexit2.o)
    0x08000244   0x00000006   Code   RO         2969    .ARM.Collect$$rtexit$$00000004  c_w.l(rtexit2.o)
    0x0800024a   0x00000002   PAD
    0x0800024c   0x0000001c   Code   RO          272    .emb_text           rtx_conf_cm.o
    0x08000268   0x00000198   Code   RO         2904    .emb_text           RTX_CM4.lib(hal_cm4.o)
    0x08000400   0x00000040   Code   RO         1660    .text               startup_stm32f407xx.o
    0x08000440   0x00000008   Code   RO         2919    .text               c_w.l(libspace.o)
    0x08000448   0x000000ee   Code   RO         2922    .text               c_w.l(lludivv7m.o)
    0x08000536   0x00000002   PAD
    0x08000538   0x0000003c   Code   RO         2924    .text               c_w.l(__0sscanf.o)
    0x08000574   0x00000012   Code   RO         2926    .text               c_w.l(exit.o)
    0x08000586   0x0000004e   Code   RO         2928    .text               c_w.l(rt_memclr_w.o)
    0x080005d4   0x00000006   Code   RO         2930    .text               c_w.l(heapauxi.o)
    0x080005da   0x00000002   PAD
    0x080005dc   0x000004a4   Code   RO         2943    .text               c_w.l(scanf_fp.o)
    0x08000a80   0x0000002c   Code   RO         2947    .text               c_w.l(scanf_char.o)
    0x08000aac   0x00000040   Code   RO         2949    .text               c_w.l(_sgetc.o)
    0x08000aec   0x0000000a   Code   RO         2980    .text               c_w.l(rt_locale_twolibspace.o)
    0x08000af6   0x00000004   Code   RO         2987    .text               c_w.l(rt_errno_addr_twolibspace.o)
    0x08000afa   0x00000012   Code   RO         2989    .text               c_w.l(isspace.o)
    0x08000b0c   0x00000374   Code   RO         2991    .text               c_w.l(_scanf.o)
    0x08000e80   0x000000dc   Code   RO         2993    .text               c_w.l(bigflt0.o)
    0x08000f5c   0x0000000c   Code   RO         3041    .text               c_w.l(sys_exit.o)
    0x08000f68   0x0000004a   Code   RO         3043    .text               c_w.l(sys_stackheap_outer.o)
    0x08000fb2   0x00000002   PAD
    0x08000fb4   0x00000010   Code   RO         3045    .text               c_w.l(rt_ctype_table.o)
    0x08000fc4   0x00000016   Code   RO         3047    .text               c_w.l(_rserrno.o)
    0x08000fda   0x00000002   PAD
    0x08000fdc   0x00000318   Code   RO         3049    .text               c_w.l(scanf_hexfp.o)
    0x080012f4   0x00000134   Code   RO         3051    .text               c_w.l(scanf_infnan.o)
    0x08001428   0x00000080   Code   RO         3057    .text               c_w.l(strcmpv7m.o)
    0x080014a8   0x00000002   Code   RO         3124    .text               c_w.l(use_no_semi.o)
    0x080014aa   0x00000000   Code   RO         3126    .text               c_w.l(indicate_semi.o)
    0x080014aa   0x00000026   Code   RO         3129    .text               c_w.l(llshl.o)
    0x080014d0   0x0000001c   Code   RO         3131    .text               c_w.l(_chval.o)
    0x080014ec   0x00000338   Code   RO         3006    CL$$btod_div_common  c_w.l(btod.o)
    0x08001824   0x00000054   Code   RO         3004    CL$$btod_e2d        c_w.l(btod.o)
    0x08001878   0x000000c6   Code   RO         3003    CL$$btod_e2e        c_w.l(btod.o)
    0x0800193e   0x00000028   Code   RO         3000    CL$$btod_ediv       c_w.l(btod.o)
    0x08001966   0x00000028   Code   RO         3002    CL$$btod_edivd      c_w.l(btod.o)
    0x0800198e   0x00000028   Code   RO         2999    CL$$btod_emul       c_w.l(btod.o)
    0x080019b6   0x00000028   Code   RO         3001    CL$$btod_emuld      c_w.l(btod.o)
    0x080019de   0x00000244   Code   RO         3005    CL$$btod_mult_common  c_w.l(btod.o)
    0x08001c22   0x00000002   PAD
    0x08001c24   0x00000004   Code   RO         2914    SVC_TABLE           RTX_CM4.lib(svc_table.o)
    0x08001c28   0x00000184   Code   RO          333    i.Enable_GPIO_Clock  usart_stm32f4xx.o
    0x08001dac   0x00000004   Code   RO            4    i.Error_Handler     main.o
    0x08001db0   0x000000aa   Code   RO          854    i.HAL_DMA_Abort     stm32f4xx_hal_dma.o
    0x08001e5a   0x00000002   PAD
    0x08001e5c   0x00000164   Code   RO          998    i.HAL_GPIO_DeInit   stm32f4xx_hal_gpio.o
    0x08001fc0   0x00000200   Code   RO         1001    i.HAL_GPIO_Init     stm32f4xx_hal_gpio.o
    0x080021c0   0x00000010   Code   RO         1003    i.HAL_GPIO_ReadPin  stm32f4xx_hal_gpio.o
    0x080021d0   0x0000000c   Code   RO         1005    i.HAL_GPIO_WritePin  stm32f4xx_hal_gpio.o
    0x080021dc   0x0000000c   Code   RO          540    i.HAL_GetREVID      stm32f4xx_hal.o
    0x080021e8   0x0000000c   Code   RO          541    i.HAL_GetTick       stm32f4xx_hal.o
    0x080021f4   0x00000030   Code   RO          548    i.HAL_Init          stm32f4xx_hal.o
    0x08002224   0x0000004c   Code   RO          549    i.HAL_InitTick      stm32f4xx_hal.o
    0x08002270   0x00000002   Code   RO          551    i.HAL_MspInit       stm32f4xx_hal.o
    0x08002272   0x00000002   PAD
    0x08002274   0x00000044   Code   RO          715    i.HAL_NVIC_DisableIRQ  stm32f4xx_hal_cortex.o
    0x080022b8   0x0000007c   Code   RO          722    i.HAL_NVIC_SetPriority  stm32f4xx_hal_cortex.o
    0x08002334   0x00000028   Code   RO          723    i.HAL_NVIC_SetPriorityGrouping  stm32f4xx_hal_cortex.o
    0x0800235c   0x00000180   Code   RO         1239    i.HAL_RCC_ClockConfig  stm32f4xx_hal_rcc.o
    0x080024dc   0x0000000c   Code   RO         1244    i.HAL_RCC_GetHCLKFreq  stm32f4xx_hal_rcc.o
    0x080024e8   0x00000020   Code   RO         1246    i.HAL_RCC_GetPCLK1Freq  stm32f4xx_hal_rcc.o
    0x08002508   0x000000b0   Code   RO         1248    i.HAL_RCC_GetSysClockFreq  stm32f4xx_hal_rcc.o
    0x080025b8   0x00000448   Code   RO         1251    i.HAL_RCC_OscConfig  stm32f4xx_hal_rcc.o
    0x08002a00   0x00000034   Code   RO          727    i.HAL_SYSTICK_Config  stm32f4xx_hal_cortex.o
    0x08002a34   0x0000004c   Code   RO          220    i.LED_Initialize    led_f4discovery.o
    0x08002a80   0x0000002c   Code   RO          222    i.LED_On            led_f4discovery.o
    0x08002aac   0x000000c0   Code   RO            5    i.SystemClock_Config  main.o
    0x08002b6c   0x000000c0   Code   RO         1667    i.SystemCoreClockUpdate  system_stm32f4xx.o
    0x08002c2c   0x00000064   Code   RO         1668    i.SystemInit        system_stm32f4xx.o
    0x08002c90   0x00000074   Code   RO            6    i.Thread_T          main.o
    0x08002d04   0x00000018   Code   RO          334    i.USART3_Control    usart_stm32f4xx.o
    0x08002d1c   0x00000010   Code   RO          335    i.USART3_GetCapabilities  usart_stm32f4xx.o
    0x08002d2c   0x00000010   Code   RO          336    i.USART3_GetModemStatus  usart_stm32f4xx.o
    0x08002d3c   0x00000010   Code   RO          337    i.USART3_GetRxCount  usart_stm32f4xx.o
    0x08002d4c   0x00000010   Code   RO          338    i.USART3_GetStatus  usart_stm32f4xx.o
    0x08002d5c   0x00000010   Code   RO          339    i.USART3_GetTxCount  usart_stm32f4xx.o
    0x08002d6c   0x00000010   Code   RO          340    i.USART3_IRQHandler  usart_stm32f4xx.o
    0x08002d7c   0x00000014   Code   RO          341    i.USART3_Initialize  usart_stm32f4xx.o
    0x08002d90   0x00000014   Code   RO          342    i.USART3_PowerControl  usart_stm32f4xx.o
    0x08002da4   0x00000018   Code   RO          343    i.USART3_Receive    usart_stm32f4xx.o
    0x08002dbc   0x00000018   Code   RO          344    i.USART3_Send       usart_stm32f4xx.o
    0x08002dd4   0x00000014   Code   RO          345    i.USART3_SetModemControl  usart_stm32f4xx.o
    0x08002de8   0x0000001c   Code   RO          346    i.USART3_Transfer   usart_stm32f4xx.o
    0x08002e04   0x00000010   Code   RO          347    i.USART3_Uninitialize  usart_stm32f4xx.o
    0x08002e14   0x000008e8   Code   RO          348    i.USART_Control     usart_stm32f4xx.o
    0x080036fc   0x00000006   Code   RO          349    i.USART_GetCapabilities  usart_stm32f4xx.o
    0x08003702   0x0000008c   Code   RO          350    i.USART_GetModemStatus  usart_stm32f4xx.o
    0x0800378e   0x00000008   Code   RO          351    i.USART_GetRxCount  usart_stm32f4xx.o
    0x08003796   0x000000d4   Code   RO          352    i.USART_GetStatus   usart_stm32f4xx.o
    0x0800386a   0x00000008   Code   RO          353    i.USART_GetTxCount  usart_stm32f4xx.o
    0x08003872   0x00000272   Code   RO          354    i.USART_IRQHandler  usart_stm32f4xx.o
    0x08003ae4   0x00000092   Code   RO          355    i.USART_Initialize  usart_stm32f4xx.o
    0x08003b76   0x00000002   PAD
    0x08003b78   0x00000134   Code   RO          356    i.USART_PeripheralReset  usart_stm32f4xx.o
    0x08003cac   0x000002c8   Code   RO          357    i.USART_PowerControl  usart_stm32f4xx.o
    0x08003f74   0x000000a2   Code   RO          358    i.USART_Receive     usart_stm32f4xx.o
    0x08004016   0x00000088   Code   RO          359    i.USART_Send        usart_stm32f4xx.o
    0x0800409e   0x0000008c   Code   RO          360    i.USART_SetModemControl  usart_stm32f4xx.o
    0x0800412a   0x0000006a   Code   RO          361    i.USART_Transfer    usart_stm32f4xx.o
    0x08004194   0x0000006a   Code   RO          362    i.USART_Uninitialize  usart_stm32f4xx.o
    0x080041fe   0x00000002   PAD
    0x08004200   0x00000010   Code   RO          363    i.USARTx_GetVersion  usart_stm32f4xx.o
    0x08004210   0x00000010   Code   RO          729    i.__NVIC_GetPriorityGrouping  stm32f4xx_hal_cortex.o
    0x08004220   0x00000028   Code   RO          730    i.__NVIC_SetPriority  stm32f4xx_hal_cortex.o
    0x08004248   0x000000d0   Code   RO         3170    i.__hardfp_ldexp    m_wm.l(ldexp.o)
    0x08004318   0x00000020   Code   RO         3202    i.__mathlib_dbl_overflow  m_wm.l(dunder.o)
    0x08004338   0x00000020   Code   RO         3204    i.__mathlib_dbl_underflow  m_wm.l(dunder.o)
    0x08004358   0x000000b8   Code   RO         3034    i.__mathlib_narrow  m_wm.l(narrow.o)
    0x08004410   0x00000014   Code   RO         3172    i.__support_ldexp   m_wm.l(ldexp.o)
    0x08004424   0x0000002c   Code   RO          273    i.__user_perthread_libspace  rtx_conf_cm.o
    0x08004450   0x00000046   Code   RO         2798    i._init_box         RTX_CM4.lib(rt_membox.o)
    0x08004496   0x0000000e   Code   RO         2945    i._is_digit         c_w.l(scanf_fp.o)
    0x080044a4   0x00000020   Code   RO          274    i._mutex_acquire    rtx_conf_cm.o
    0x080044c4   0x0000001c   Code   RO          276    i._mutex_release    rtx_conf_cm.o
    0x080044e0   0x00000030   Code   RO         2851    i.dbg_init          RTX_CM4.lib(hal_cm.o)
    0x08004510   0x00000020   Code   RO         2852    i.dbg_task_notify   RTX_CM4.lib(hal_cm.o)
    0x08004530   0x00000010   Code   RO         2853    i.dbg_task_switch   RTX_CM4.lib(hal_cm.o)
    0x08004540   0x00000020   Code   RO            7    i.event_UART        main.o
    0x08004560   0x0000008c   Code   RO         3120    i.frexp             m_wm.l(frexp.o)
    0x080045ec   0x0000002a   Code   RO         1704    i.isrMessageGet     RTX_CM4.lib(rt_cmsis.o)
    0x08004616   0x0000002c   Code   RO         1705    i.isrMessagePut     RTX_CM4.lib(rt_cmsis.o)
    0x08004642   0x00000024   Code   RO         1707    i.isrSignalSet      RTX_CM4.lib(rt_cmsis.o)
    0x08004666   0x00000002   PAD
    0x08004668   0x00000028   Code   RO         2535    i.isr_evt_set       RTX_CM4.lib(rt_event.o)
    0x08004690   0x00000056   Code   RO         2653    i.isr_mbx_receive   RTX_CM4.lib(rt_mailbox.o)
    0x080046e6   0x0000000e   Code   RO         2654    i.isr_mbx_send      RTX_CM4.lib(rt_mailbox.o)
    0x080046f4   0x00000094   Code   RO            8    i.main              main.o
    0x08004788   0x00000018   Code   RO         1708    i.osDelay           RTX_CM4.lib(rt_cmsis.o)
    0x080047a0   0x00000024   Code   RO         1709    i.osKernelInitialize  RTX_CM4.lib(rt_cmsis.o)
    0x080047c4   0x0000006c   Code   RO         1711    i.osKernelStart     RTX_CM4.lib(rt_cmsis.o)
    0x08004830   0x00000018   Code   RO         1720    i.osMessageGet      RTX_CM4.lib(rt_cmsis.o)
    0x08004848   0x00000018   Code   RO         1735    i.osSignalSet       RTX_CM4.lib(rt_cmsis.o)
    0x08004860   0x00000018   Code   RO         1736    i.osSignalWait      RTX_CM4.lib(rt_cmsis.o)
    0x08004878   0x0000002c   Code   RO         1737    i.osThreadCreate    RTX_CM4.lib(rt_cmsis.o)
    0x080048a4   0x00000018   Code   RO         1738    i.osThreadExit      RTX_CM4.lib(rt_cmsis.o)
    0x080048bc   0x0000000c   Code   RO         1744    i.osTimerCall       RTX_CM4.lib(rt_cmsis.o)
    0x080048c8   0x0000002c   Code   RO         1749    i.osTimerThread     RTX_CM4.lib(rt_cmsis.o)
    0x080048f4   0x00000022   Code   RO          277    i.os_error          rtx_conf_cm.o
    0x08004916   0x00000004   Code   RO          278    i.os_idle_demon     rtx_conf_cm.o
    0x0800491a   0x00000002   PAD
    0x0800491c   0x00000028   Code   RO         2445    i.os_tick_init      RTX_CM4.lib(rt_system.o)
    0x08004944   0x00000002   Code   RO         2446    i.os_tick_irqack    RTX_CM4.lib(rt_system.o)
    0x08004946   0x0000001a   Code   RO         2799    i.rt_alloc_box      RTX_CM4.lib(rt_membox.o)
    0x08004960   0x0000003e   Code   RO         2827    i.rt_alloc_mem      RTX_CM4.lib(rt_memory.o)
    0x0800499e   0x00000002   PAD
    0x080049a0   0x00000038   Code   RO         2326    i.rt_block          RTX_CM4.lib(rt_task.o)
    0x080049d8   0x00000048   Code   RO         2776    i.rt_chk_robin      RTX_CM4.lib(rt_robin.o)
    0x08004a20   0x00000070   Code   RO         2577    i.rt_dec_dly        RTX_CM4.lib(rt_list.o)
    0x08004a90   0x00000044   Code   RO         2327    i.rt_dispatch       RTX_CM4.lib(rt_task.o)
    0x08004ad4   0x00000006   Code   RO         2743    i.rt_dly_wait       RTX_CM4.lib(rt_time.o)
    0x08004ada   0x00000002   PAD
    0x08004adc   0x00000050   Code   RO         2538    i.rt_evt_psh        RTX_CM4.lib(rt_event.o)
    0x08004b2c   0x0000005c   Code   RO         2539    i.rt_evt_set        RTX_CM4.lib(rt_event.o)
    0x08004b88   0x0000003c   Code   RO         2540    i.rt_evt_wait       RTX_CM4.lib(rt_event.o)
    0x08004bc4   0x0000002c   Code   RO         2800    i.rt_free_box       RTX_CM4.lib(rt_membox.o)
    0x08004bf0   0x00000028   Code   RO         2828    i.rt_free_mem       RTX_CM4.lib(rt_memory.o)
    0x08004c18   0x00000028   Code   RO         2578    i.rt_get_first      RTX_CM4.lib(rt_list.o)
    0x08004c40   0x00000008   Code   RO         1754    i.rt_id2obj         RTX_CM4.lib(rt_cmsis.o)
    0x08004c48   0x00000048   Code   RO         2328    i.rt_init_context   RTX_CM4.lib(rt_task.o)
    0x08004c90   0x0000001a   Code   RO         2829    i.rt_init_mem       RTX_CM4.lib(rt_memory.o)
    0x08004caa   0x00000002   PAD
    0x08004cac   0x00000018   Code   RO         2777    i.rt_init_robin     RTX_CM4.lib(rt_robin.o)
    0x08004cc4   0x00000080   Code   RO         2854    i.rt_init_stack     RTX_CM4.lib(hal_cm.o)
    0x08004d44   0x00000008   Code   RO         2655    i.rt_mbx_check      RTX_CM4.lib(rt_mailbox.o)
    0x08004d4c   0x0000001a   Code   RO         2656    i.rt_mbx_init       RTX_CM4.lib(rt_mailbox.o)
    0x08004d66   0x00000002   PAD
    0x08004d68   0x000000f0   Code   RO         2657    i.rt_mbx_psh        RTX_CM4.lib(rt_mailbox.o)
    0x08004e58   0x000000b4   Code   RO         2659    i.rt_mbx_wait       RTX_CM4.lib(rt_mailbox.o)
    0x08004f0c   0x00000044   Code   RO         1755    i.rt_ms2tick        RTX_CM4.lib(rt_cmsis.o)
    0x08004f50   0x000000d8   Code   RO         2412    i.rt_mut_release    RTX_CM4.lib(rt_mutex.o)
    0x08005028   0x00000078   Code   RO         2413    i.rt_mut_wait       RTX_CM4.lib(rt_mutex.o)
    0x080050a0   0x0000007c   Code   RO         2449    i.rt_pop_req        RTX_CM4.lib(rt_system.o)
    0x0800511c   0x00000020   Code   RO         2450    i.rt_psh_req        RTX_CM4.lib(rt_system.o)
    0x0800513c   0x0000005c   Code   RO         2580    i.rt_psq_enq        RTX_CM4.lib(rt_list.o)
    0x08005198   0x00000048   Code   RO         2581    i.rt_put_dly        RTX_CM4.lib(rt_list.o)
    0x080051e0   0x00000036   Code   RO         2582    i.rt_put_prio       RTX_CM4.lib(rt_list.o)
    0x08005216   0x00000002   PAD
    0x08005218   0x00000014   Code   RO         2583    i.rt_put_rdy_first  RTX_CM4.lib(rt_list.o)
    0x0800522c   0x00000034   Code   RO         2584    i.rt_resort_prio    RTX_CM4.lib(rt_list.o)
    0x08005260   0x00000010   Code   RO         2855    i.rt_ret_regs       RTX_CM4.lib(hal_cm.o)
    0x08005270   0x0000000c   Code   RO         2856    i.rt_ret_val        RTX_CM4.lib(hal_cm.o)
    0x0800527c   0x00000010   Code   RO         2857    i.rt_ret_val2       RTX_CM4.lib(hal_cm.o)
    0x0800528c   0x00000028   Code   RO         2585    i.rt_rmv_dly        RTX_CM4.lib(rt_list.o)
    0x080052b4   0x00000030   Code   RO         2586    i.rt_rmv_list       RTX_CM4.lib(rt_list.o)
    0x080052e4   0x00000034   Code   RO         2704    i.rt_sem_psh        RTX_CM4.lib(rt_semaphore.o)
    0x08005318   0x00000024   Code   RO         2452    i.rt_stk_check      RTX_CM4.lib(rt_system.o)
    0x0800533c   0x00000028   Code   RO         2329    i.rt_switch_req     RTX_CM4.lib(rt_task.o)
    0x08005364   0x000000cc   Code   RO         2330    i.rt_sys_init       RTX_CM4.lib(rt_task.o)
    0x08005430   0x00000078   Code   RO         2331    i.rt_sys_start      RTX_CM4.lib(rt_task.o)
    0x080054a8   0x00000040   Code   RO         2454    i.rt_systick        RTX_CM4.lib(rt_system.o)
    0x080054e8   0x00000012   Code   RO         1756    i.rt_tid2ptcb       RTX_CM4.lib(rt_cmsis.o)
    0x080054fa   0x00000002   PAD
    0x080054fc   0x00000034   Code   RO         1757    i.rt_timer_insert   RTX_CM4.lib(rt_cmsis.o)
    0x08005530   0x00000088   Code   RO         2332    i.rt_tsk_create     RTX_CM4.lib(rt_task.o)
    0x080055b8   0x0000017c   Code   RO         2333    i.rt_tsk_delete     RTX_CM4.lib(rt_task.o)
    0x08005734   0x0000007c   Code   RO         2335    i.rt_tsk_prio       RTX_CM4.lib(rt_task.o)
    0x080057b0   0x00000010   Code   RO         2336    i.rt_tsk_self       RTX_CM4.lib(rt_task.o)
    0x080057c0   0x00000012   Code   RO         1759    i.svcDelay          RTX_CM4.lib(rt_cmsis.o)
    0x080057d2   0x00000002   PAD
    0x080057d4   0x00000070   Code   RO         1760    i.svcKernelInitialize  RTX_CM4.lib(rt_cmsis.o)
    0x08005844   0x00000048   Code   RO         1762    i.svcKernelStart    RTX_CM4.lib(rt_cmsis.o)
    0x0800588c   0x00000024   Code   RO         1765    i.svcMessageCreate  RTX_CM4.lib(rt_cmsis.o)
    0x080058b0   0x0000003a   Code   RO         1766    i.svcMessageGet     RTX_CM4.lib(rt_cmsis.o)
    0x080058ea   0x00000024   Code   RO         1778    i.svcSignalSet      RTX_CM4.lib(rt_cmsis.o)
    0x0800590e   0x00000002   PAD
    0x08005910   0x00000054   Code   RO         1779    i.svcSignalWait     RTX_CM4.lib(rt_cmsis.o)
    0x08005964   0x0000006c   Code   RO         1780    i.svcThreadCreate   RTX_CM4.lib(rt_cmsis.o)
    0x080059d0   0x0000001c   Code   RO         1781    i.svcThreadGetId    RTX_CM4.lib(rt_cmsis.o)
    0x080059ec   0x00000038   Code   RO         1784    i.svcThreadTerminate  RTX_CM4.lib(rt_cmsis.o)
    0x08005a24   0x00000018   Code   RO         1786    i.svcTimerCall      RTX_CM4.lib(rt_cmsis.o)
    0x08005a3c   0x0000005c   Code   RO         1795    i.sysTimerTick      RTX_CM4.lib(rt_cmsis.o)
    0x08005a98   0x0000002c   Code   RO         3019    locale$$code        c_w.l(lc_numeric_c.o)
    0x08005ac4   0x0000002c   Code   RO         3134    locale$$code        c_w.l(lc_ctype_c.o)
    0x08005af0   0x00000062   Code   RO         3112    x$fpl$d2f           fz_wm.l(d2f.o)
    0x08005b52   0x00000002   PAD
    0x08005b54   0x00000010   Code   RO         3231    x$fpl$dcheck1       fz_wm.l(dcheck1.o)
    0x08005b64   0x00000018   Code   RO         3158    x$fpl$dcmpinf       fz_wm.l(dcmpi.o)
    0x08005b7c   0x00000078   Code   RO         3114    x$fpl$deqf          fz_wm.l(deqf.o)
    0x08005bf4   0x00000078   Code   RO         3160    x$fpl$dleqf         fz_wm.l(dleqf.o)
    0x08005c6c   0x00000154   Code   RO         3162    x$fpl$dmul          fz_wm.l(dmul.o)
    0x08005dc0   0x0000009c   Code   RO         3164    x$fpl$dnaninf       fz_wm.l(dnaninf.o)
    0x08005e5c   0x0000000c   Code   RO         3194    x$fpl$dretinf       fz_wm.l(dretinf.o)
    0x08005e68   0x0000006c   Code   RO         3116    x$fpl$drleqf        fz_wm.l(drleqf.o)
    0x08005ed4   0x0000000a   Code   RO         3166    x$fpl$fpinit        fz_wm.l(fpinit.o)
    0x08005ede   0x0000000a   Code   RO         3168    x$fpl$fretinf       fz_wm.l(fretinf.o)
    0x08005ee8   0x00000064   Code   RO         3253    x$fpl$retnan        fz_wm.l(retnan.o)
    0x08005f4c   0x0000005c   Code   RO         3196    x$fpl$scalbn        fz_wm.l(scalbn.o)
    0x08005fa8   0x00000004   Code   RO         2934    x$fpl$scanf1        fz_wm.l(scanf1.o)
    0x08005fac   0x00000008   Code   RO         3026    x$fpl$scanf2        fz_wm.l(scanf2.o)
    0x08005fb4   0x00000030   Code   RO         3255    x$fpl$trapveneer    fz_wm.l(trapv.o)
    0x08005fe4   0x00000000   Code   RO         3032    x$fpl$usenofp       fz_wm.l(usenofp.o)
    0x08005fe4   0x00000010   Data   RO            9    .constdata          main.o
    0x08005ff4   0x00000020   Data   RO          225    .constdata          led_f4discovery.o
    0x08006014   0x00000068   Data   RO          280    .constdata          rtx_conf_cm.o
    0x0800607c   0x00000088   Data   RO          365    .constdata          usart_stm32f4xx.o
    0x08006104   0x00000018   Data   RO         1669    .constdata          system_stm32f4xx.o
    0x0800611c   0x00000094   Data   RO         2994    .constdata          c_w.l(bigflt0.o)
    0x080061b0   0x00000020   Data   RO         3257    Region$$Table       anon$$obj.o
    0x080061d0   0x00000008   Data   RO         3021    c$$dinf             fz_wm.l(fpconst.o)
    0x080061d8   0x0000001c   Data   RO         3018    locale$$data        c_w.l(lc_numeric_c.o)
    0x080061f4   0x00000110   Data   RO         3133    locale$$data        c_w.l(lc_ctype_c.o)


    Execution Region RW_IRAM1 (Base: 0x20000000, Size: 0x00004450, Max: 0x00020000, ABSOLUTE)

    Base Addr    Size         Type   Attr      Idx    E Section Name        Object

    0x20000000   0x00000004   Data   RW           10    .data               main.o
    0x20000004   0x00000014   Data   RW          281    .data               rtx_conf_cm.o
    0x20000018   0x00000009   Data   RW          555    .data               stm32f4xx_hal.o
    0x20000021   0x00000003   PAD
    0x20000024   0x00000004   Data   RW         1670    .data               system_stm32f4xx.o
    0x20000028   0x00000008   Data   RW         1798    .data               RTX_CM4.lib(rt_cmsis.o)
    0x20000030   0x00000008   Data   RW         2338    .data               RTX_CM4.lib(rt_task.o)
    0x20000038   0x00000008   Data   RW         2457    .data               RTX_CM4.lib(rt_system.o)
    0x20000040   0x00000004   Data   RW         2747    .data               RTX_CM4.lib(rt_time.o)
    0x20000044   0x00000008   Data   RW         2778    .data               RTX_CM4.lib(rt_robin.o)
    0x2000004c   0x00000001   Data   RW         2858    .data               RTX_CM4.lib(hal_cm.o)
    0x2000004d   0x00000003   PAD
    0x20000050   0x00003d00   Zero   RW          279    .bss                rtx_conf_cm.o
    0x20003d50   0x00000038   Zero   RW          364    .bss                usart_stm32f4xx.o
    0x20003d88   0x00000034   Zero   RW         2337    .bss                RTX_CM4.lib(rt_task.o)
    0x20003dbc   0x00000030   Zero   RW         2587    .bss                RTX_CM4.lib(rt_list.o)
    0x20003dec   0x00000060   Zero   RW         2920    .bss                c_w.l(libspace.o)
    0x20003e4c   0x00000004   PAD
    0x20003e50   0x00000200   Zero   RW         1658    HEAP                startup_stm32f407xx.o
    0x20004050   0x00000400   Zero   RW         1657    STACK               startup_stm32f407xx.o


==============================================================================

Image component sizes


      Code (inc. data)   RO Data    RW Data    ZI Data      Debug   Object Name

       120         12         32          0          0       2298   led_f4discovery.o
       492         66         16          4          0     696222   main.o
       170         38        104         20      15616      10311   rtx_conf_cm.o
        64         26        392          0       1536        908   startup_stm32f407xx.o
       150         26          0          9          0       4720   stm32f4xx_hal.o
       340         28          0          0          0      34744   stm32f4xx_hal_cortex.o
       170          0          0          0          0       1424   stm32f4xx_hal_dma.o
       896         86          0          0          0       4105   stm32f4xx_hal_gpio.o
      1700         74          0          0          0       5229   stm32f4xx_hal_rcc.o
       292         40         24          4          0       2235   system_stm32f4xx.o
      5772        220        136          0         56      58546   usart_stm32f4xx.o

    ----------------------------------------------------------------------
     10176        616        736         40      17208     820742   Object Totals
         0          0         32          0          0          0   (incl. Generated)
        10          0          0          3          0          0   (incl. Padding)

    ----------------------------------------------------------------------

      Code (inc. data)   RO Data    RW Data    ZI Data      Debug   Library Member Name

       268         24          0          1          0       4472   hal_cm.o
       408         34          0          0          0        816   hal_cm4.o
      1356        160          0          8          0      39390   rt_cmsis.o
       272         18          0          0          0       2810   rt_event.o
       530         34          0          0         48       8601   rt_list.o
       554         10          0          0          0       4189   rt_mailbox.o
       140          0          0          0          0       2045   rt_membox.o
       128          0          0          0          0       2419   rt_memory.o
       336         14          0          0          0       1727   rt_mutex.o
        96         22          0          8          0       1230   rt_robin.o
        52          4          0          0          0        613   rt_semaphore.o
       298         52          0          8          0       6439   rt_system.o
      1216        174          0          8         52      10045   rt_task.o
         6          0          0          4          0        692   rt_time.o
         4          4          0          0          0        200   svc_table.o
        60          8          0          0          0         84   __0sscanf.o
         8          0          0          0          0         68   __main.o
         0          0          0          0          0          0   __rtentry.o
        20          0          0          0          0          0   __rtentry2.o
         6          0          0          0          0          0   __rtentry4.o
        52          8          0          0          0          0   __scatter.o
        26          0          0          0          0          0   __scatter_copy.o
        28          0          0          0          0          0   __scatter_zi.o
        28          0          0          0          0         68   _chval.o
        22          0          0          0          0        100   _rserrno.o
       884          6          0          0          0        100   _scanf.o
        64          0          0          0          0         84   _sgetc.o
       220          4        148          0          0         96   bigflt0.o
      1846        132          0          0          0        736   btod.o
        18          0          0          0          0         80   exit.o
         6          0          0          0          0        152   heapauxi.o
         0          0          0          0          0          0   indicate_semi.o
        18          0          0          0          0         76   isspace.o
        44         10        272          0          0         76   lc_ctype_c.o
        44         10         28          0          0         76   lc_numeric_c.o
         2          0          0          0          0          0   libinit.o
        34          0          0          0          0          0   libinit2.o
         2          0          0          0          0          0   libshutdown.o
         2          0          0          0          0          0   libshutdown2.o
         8          4          0          0         96         68   libspace.o
        38          0          0          0          0         68   llshl.o
       238          0          0          0          0        100   lludivv7m.o
        16          4          0          0          0         76   rt_ctype_table.o
         4          0          0          0          0         68   rt_errno_addr_twolibspace.o
        10          0          0          0          0         76   rt_locale_twolibspace.o
        78          0          0          0          0         80   rt_memclr_w.o
         2          0          0          0          0          0   rtexit.o
        10          0          0          0          0          0   rtexit2.o
        44          8          0          0          0         84   scanf_char.o
      1202         12          0          0          0        216   scanf_fp.o
       792         14          0          0          0        100   scanf_hexfp.o
       308         16          0          0          0        100   scanf_infnan.o
       128          0          0          0          0         68   strcmpv7m.o
        12          4          0          0          0         68   sys_exit.o
        74          0          0          0          0         80   sys_stackheap_outer.o
         2          0          0          0          0         68   use_no_semi.o
        98          4          0          0          0        140   d2f.o
        16          4          0          0          0        116   dcheck1.o
        24          0          0          0          0        116   dcmpi.o
       120          4          0          0          0        140   deqf.o
       120          4          0          0          0        140   dleqf.o
       340         12          0          0          0        152   dmul.o
       156          4          0          0          0        140   dnaninf.o
        12          0          0          0          0        116   dretinf.o
       108          0          0          0          0        128   drleqf.o
         0          0          8          0          0          0   fpconst.o
        10          0          0          0          0        116   fpinit.o
        10          0          0          0          0        116   fretinf.o
       100          0          0          0          0        116   retnan.o
        92          0          0          0          0        116   scalbn.o
         4          0          0          0          0        116   scanf1.o
         8          0          0          0          0        132   scanf2.o
        48          0          0          0          0        116   trapv.o
         0          0          0          0          0          0   usenofp.o
        64         16          0          0          0        248   dunder.o
       140         22          0          0          0        132   frexp.o
       228          8          0          0          0        308   ldexp.o
       184         18          0          0          0        152   narrow.o

    ----------------------------------------------------------------------
     13980        886        456         40        200      91660   Library Totals
        34          0          0          3          4          0   (incl. Padding)

    ----------------------------------------------------------------------

      Code (inc. data)   RO Data    RW Data    ZI Data      Debug   Library Name

      5664        550          0         37        100      85688   RTX_CM4.lib
      6400        240        448          0         96       3116   c_w.l
      1266         32          8          0          0       2016   fz_wm.l
       616         64          0          0          0        840   m_wm.l

    ----------------------------------------------------------------------
     13980        886        456         40        200      91660   Library Totals

    ----------------------------------------------------------------------

==============================================================================


      Code (inc. data)   RO Data    RW Data    ZI Data      Debug   

     24156       1502       1192         80      17408     894538   Grand Totals
     24156       1502       1192         80      17408     894538   ELF Image Totals
     24156       1502       1192         80          0          0   ROM Totals

==============================================================================

    Total RO  Size (Code + RO Data)                25348 (  24.75kB)
    Total RW  Size (RW Data + ZI Data)             17488 (  17.08kB)
    Total ROM Size (Code + RO Data + RW Data)      25428 (  24.83kB)

==============================================================================

